Archive member included to satisfy reference by file (symbol)

c:/st/stm32cubeide_1.6.0/stm32cubeide/plugins/com.st.stm32cube.ide.mcu.externaltools.gnu-tools-for-stm32.9-2020-q2-update.win32_2.0.0.202105311346/tools/bin/../lib/gcc/arm-none-eabi/9.3.1/../../../../arm-none-eabi/lib/thumb/v7e-m/nofp\libc_nano.a(lib_a-errno.o)
                              ./Src/syscalls.o (__errno)
c:/st/stm32cubeide_1.6.0/stm32cubeide/plugins/com.st.stm32cube.ide.mcu.externaltools.gnu-tools-for-stm32.9-2020-q2-update.win32_2.0.0.202105311346/tools/bin/../lib/gcc/arm-none-eabi/9.3.1/../../../../arm-none-eabi/lib/thumb/v7e-m/nofp\libc_nano.a(lib_a-exit.o)
                              c:/st/stm32cubeide_1.6.0/stm32cubeide/plugins/com.st.stm32cube.ide.mcu.externaltools.gnu-tools-for-stm32.9-2020-q2-update.win32_2.0.0.202105311346/tools/bin/../lib/gcc/arm-none-eabi/9.3.1/../../../../arm-none-eabi/lib/thumb/v7e-m/nofp/crt0.o (exit)
c:/st/stm32cubeide_1.6.0/stm32cubeide/plugins/com.st.stm32cube.ide.mcu.externaltools.gnu-tools-for-stm32.9-2020-q2-update.win32_2.0.0.202105311346/tools/bin/../lib/gcc/arm-none-eabi/9.3.1/../../../../arm-none-eabi/lib/thumb/v7e-m/nofp\libc_nano.a(lib_a-impure.o)
                              c:/st/stm32cubeide_1.6.0/stm32cubeide/plugins/com.st.stm32cube.ide.mcu.externaltools.gnu-tools-for-stm32.9-2020-q2-update.win32_2.0.0.202105311346/tools/bin/../lib/gcc/arm-none-eabi/9.3.1/../../../../arm-none-eabi/lib/thumb/v7e-m/nofp\libc_nano.a(lib_a-exit.o) (_global_impure_ptr)
c:/st/stm32cubeide_1.6.0/stm32cubeide/plugins/com.st.stm32cube.ide.mcu.externaltools.gnu-tools-for-stm32.9-2020-q2-update.win32_2.0.0.202105311346/tools/bin/../lib/gcc/arm-none-eabi/9.3.1/../../../../arm-none-eabi/lib/thumb/v7e-m/nofp\libc_nano.a(lib_a-init.o)
                              c:/st/stm32cubeide_1.6.0/stm32cubeide/plugins/com.st.stm32cube.ide.mcu.externaltools.gnu-tools-for-stm32.9-2020-q2-update.win32_2.0.0.202105311346/tools/bin/../lib/gcc/arm-none-eabi/9.3.1/../../../../arm-none-eabi/lib/thumb/v7e-m/nofp/crt0.o (__libc_init_array)
c:/st/stm32cubeide_1.6.0/stm32cubeide/plugins/com.st.stm32cube.ide.mcu.externaltools.gnu-tools-for-stm32.9-2020-q2-update.win32_2.0.0.202105311346/tools/bin/../lib/gcc/arm-none-eabi/9.3.1/../../../../arm-none-eabi/lib/thumb/v7e-m/nofp\libc_nano.a(lib_a-memset.o)
                              c:/st/stm32cubeide_1.6.0/stm32cubeide/plugins/com.st.stm32cube.ide.mcu.externaltools.gnu-tools-for-stm32.9-2020-q2-update.win32_2.0.0.202105311346/tools/bin/../lib/gcc/arm-none-eabi/9.3.1/../../../../arm-none-eabi/lib/thumb/v7e-m/nofp/crt0.o (memset)

Allocating common symbols
Common symbol       size              file

SPI_Handle          0x30              ./Src/main.o

Discarded input sections

 .text          0x0000000000000000        0x0 c:/st/stm32cubeide_1.6.0/stm32cubeide/plugins/com.st.stm32cube.ide.mcu.externaltools.gnu-tools-for-stm32.9-2020-q2-update.win32_2.0.0.202105311346/tools/bin/../lib/gcc/arm-none-eabi/9.3.1/thumb/v7e-m/nofp/crti.o
 .data          0x0000000000000000        0x0 c:/st/stm32cubeide_1.6.0/stm32cubeide/plugins/com.st.stm32cube.ide.mcu.externaltools.gnu-tools-for-stm32.9-2020-q2-update.win32_2.0.0.202105311346/tools/bin/../lib/gcc/arm-none-eabi/9.3.1/thumb/v7e-m/nofp/crti.o
 .bss           0x0000000000000000        0x0 c:/st/stm32cubeide_1.6.0/stm32cubeide/plugins/com.st.stm32cube.ide.mcu.externaltools.gnu-tools-for-stm32.9-2020-q2-update.win32_2.0.0.202105311346/tools/bin/../lib/gcc/arm-none-eabi/9.3.1/thumb/v7e-m/nofp/crti.o
 .data          0x0000000000000000        0x4 c:/st/stm32cubeide_1.6.0/stm32cubeide/plugins/com.st.stm32cube.ide.mcu.externaltools.gnu-tools-for-stm32.9-2020-q2-update.win32_2.0.0.202105311346/tools/bin/../lib/gcc/arm-none-eabi/9.3.1/thumb/v7e-m/nofp/crtbegin.o
 .text          0x0000000000000000       0x7c c:/st/stm32cubeide_1.6.0/stm32cubeide/plugins/com.st.stm32cube.ide.mcu.externaltools.gnu-tools-for-stm32.9-2020-q2-update.win32_2.0.0.202105311346/tools/bin/../lib/gcc/arm-none-eabi/9.3.1/../../../../arm-none-eabi/lib/thumb/v7e-m/nofp/crt0.o
 .data          0x0000000000000000        0x0 c:/st/stm32cubeide_1.6.0/stm32cubeide/plugins/com.st.stm32cube.ide.mcu.externaltools.gnu-tools-for-stm32.9-2020-q2-update.win32_2.0.0.202105311346/tools/bin/../lib/gcc/arm-none-eabi/9.3.1/../../../../arm-none-eabi/lib/thumb/v7e-m/nofp/crt0.o
 .bss           0x0000000000000000        0x0 c:/st/stm32cubeide_1.6.0/stm32cubeide/plugins/com.st.stm32cube.ide.mcu.externaltools.gnu-tools-for-stm32.9-2020-q2-update.win32_2.0.0.202105311346/tools/bin/../lib/gcc/arm-none-eabi/9.3.1/../../../../arm-none-eabi/lib/thumb/v7e-m/nofp/crt0.o
 .ARM.extab     0x0000000000000000        0x0 c:/st/stm32cubeide_1.6.0/stm32cubeide/plugins/com.st.stm32cube.ide.mcu.externaltools.gnu-tools-for-stm32.9-2020-q2-update.win32_2.0.0.202105311346/tools/bin/../lib/gcc/arm-none-eabi/9.3.1/../../../../arm-none-eabi/lib/thumb/v7e-m/nofp/crt0.o
 .ARM.exidx     0x0000000000000000       0x10 c:/st/stm32cubeide_1.6.0/stm32cubeide/plugins/com.st.stm32cube.ide.mcu.externaltools.gnu-tools-for-stm32.9-2020-q2-update.win32_2.0.0.202105311346/tools/bin/../lib/gcc/arm-none-eabi/9.3.1/../../../../arm-none-eabi/lib/thumb/v7e-m/nofp/crt0.o
 .ARM.attributes
                0x0000000000000000       0x1c c:/st/stm32cubeide_1.6.0/stm32cubeide/plugins/com.st.stm32cube.ide.mcu.externaltools.gnu-tools-for-stm32.9-2020-q2-update.win32_2.0.0.202105311346/tools/bin/../lib/gcc/arm-none-eabi/9.3.1/../../../../arm-none-eabi/lib/thumb/v7e-m/nofp/crt0.o
 .group         0x0000000000000000        0xc ./MyDrivers/Src/EXTI.o
 .group         0x0000000000000000        0xc ./MyDrivers/Src/EXTI.o
 .group         0x0000000000000000        0xc ./MyDrivers/Src/EXTI.o
 .group         0x0000000000000000        0xc ./MyDrivers/Src/EXTI.o
 .group         0x0000000000000000        0xc ./MyDrivers/Src/EXTI.o
 .group         0x0000000000000000        0xc ./MyDrivers/Src/EXTI.o
 .group         0x0000000000000000        0xc ./MyDrivers/Src/EXTI.o
 .group         0x0000000000000000        0xc ./MyDrivers/Src/EXTI.o
 .group         0x0000000000000000        0xc ./MyDrivers/Src/EXTI.o
 .group         0x0000000000000000        0xc ./MyDrivers/Src/EXTI.o
 .group         0x0000000000000000        0xc ./MyDrivers/Src/EXTI.o
 .group         0x0000000000000000        0xc ./MyDrivers/Src/EXTI.o
 .group         0x0000000000000000        0xc ./MyDrivers/Src/EXTI.o
 .group         0x0000000000000000        0xc ./MyDrivers/Src/EXTI.o
 .group         0x0000000000000000        0xc ./MyDrivers/Src/EXTI.o
 .group         0x0000000000000000        0xc ./MyDrivers/Src/EXTI.o
 .group         0x0000000000000000        0xc ./MyDrivers/Src/EXTI.o
 .group         0x0000000000000000        0xc ./MyDrivers/Src/EXTI.o
 .group         0x0000000000000000        0xc ./MyDrivers/Src/EXTI.o
 .group         0x0000000000000000        0xc ./MyDrivers/Src/EXTI.o
 .group         0x0000000000000000        0xc ./MyDrivers/Src/EXTI.o
 .group         0x0000000000000000        0xc ./MyDrivers/Src/EXTI.o
 .group         0x0000000000000000        0xc ./MyDrivers/Src/EXTI.o
 .group         0x0000000000000000        0xc ./MyDrivers/Src/EXTI.o
 .group         0x0000000000000000        0xc ./MyDrivers/Src/EXTI.o
 .group         0x0000000000000000        0xc ./MyDrivers/Src/EXTI.o
 .group         0x0000000000000000        0xc ./MyDrivers/Src/EXTI.o
 .group         0x0000000000000000        0xc ./MyDrivers/Src/EXTI.o
 .group         0x0000000000000000        0xc ./MyDrivers/Src/EXTI.o
 .group         0x0000000000000000        0xc ./MyDrivers/Src/EXTI.o
 .group         0x0000000000000000        0xc ./MyDrivers/Src/EXTI.o
 .group         0x0000000000000000        0xc ./MyDrivers/Src/EXTI.o
 .group         0x0000000000000000        0xc ./MyDrivers/Src/EXTI.o
 .group         0x0000000000000000        0xc ./MyDrivers/Src/EXTI.o
 .text          0x0000000000000000        0x0 ./MyDrivers/Src/EXTI.o
 .data          0x0000000000000000        0x0 ./MyDrivers/Src/EXTI.o
 .bss           0x0000000000000000        0x0 ./MyDrivers/Src/EXTI.o
 .group         0x0000000000000000        0xc ./MyDrivers/Src/GPIO.o
 .group         0x0000000000000000        0xc ./MyDrivers/Src/GPIO.o
 .group         0x0000000000000000        0xc ./MyDrivers/Src/GPIO.o
 .group         0x0000000000000000        0xc ./MyDrivers/Src/GPIO.o
 .group         0x0000000000000000        0xc ./MyDrivers/Src/GPIO.o
 .group         0x0000000000000000        0xc ./MyDrivers/Src/GPIO.o
 .group         0x0000000000000000        0xc ./MyDrivers/Src/GPIO.o
 .group         0x0000000000000000        0xc ./MyDrivers/Src/GPIO.o
 .group         0x0000000000000000        0xc ./MyDrivers/Src/GPIO.o
 .group         0x0000000000000000        0xc ./MyDrivers/Src/GPIO.o
 .group         0x0000000000000000        0xc ./MyDrivers/Src/GPIO.o
 .group         0x0000000000000000        0xc ./MyDrivers/Src/GPIO.o
 .group         0x0000000000000000        0xc ./MyDrivers/Src/GPIO.o
 .group         0x0000000000000000        0xc ./MyDrivers/Src/GPIO.o
 .group         0x0000000000000000        0xc ./MyDrivers/Src/GPIO.o
 .group         0x0000000000000000        0xc ./MyDrivers/Src/GPIO.o
 .group         0x0000000000000000        0xc ./MyDrivers/Src/GPIO.o
 .group         0x0000000000000000        0xc ./MyDrivers/Src/GPIO.o
 .group         0x0000000000000000        0xc ./MyDrivers/Src/GPIO.o
 .group         0x0000000000000000        0xc ./MyDrivers/Src/GPIO.o
 .group         0x0000000000000000        0xc ./MyDrivers/Src/GPIO.o
 .group         0x0000000000000000        0xc ./MyDrivers/Src/GPIO.o
 .group         0x0000000000000000        0xc ./MyDrivers/Src/GPIO.o
 .group         0x0000000000000000        0xc ./MyDrivers/Src/GPIO.o
 .group         0x0000000000000000        0xc ./MyDrivers/Src/GPIO.o
 .group         0x0000000000000000        0xc ./MyDrivers/Src/GPIO.o
 .group         0x0000000000000000        0xc ./MyDrivers/Src/GPIO.o
 .group         0x0000000000000000        0xc ./MyDrivers/Src/GPIO.o
 .group         0x0000000000000000        0xc ./MyDrivers/Src/GPIO.o
 .group         0x0000000000000000        0xc ./MyDrivers/Src/GPIO.o
 .group         0x0000000000000000        0xc ./MyDrivers/Src/GPIO.o
 .group         0x0000000000000000        0xc ./MyDrivers/Src/GPIO.o
 .group         0x0000000000000000        0xc ./MyDrivers/Src/GPIO.o
 .group         0x0000000000000000        0xc ./MyDrivers/Src/GPIO.o
 .group         0x0000000000000000        0xc ./MyDrivers/Src/GPIO.o
 .text          0x0000000000000000        0x0 ./MyDrivers/Src/GPIO.o
 .data          0x0000000000000000        0x0 ./MyDrivers/Src/GPIO.o
 .bss           0x0000000000000000        0x0 ./MyDrivers/Src/GPIO.o
 .text.GPIO_WritePin
                0x0000000000000000       0x32 ./MyDrivers/Src/GPIO.o
 .text.GPIO_ReadPin
                0x0000000000000000       0x2c ./MyDrivers/Src/GPIO.o
 .text.GPIO_LockPin
                0x0000000000000000       0x36 ./MyDrivers/Src/GPIO.o
 .text.GPIO_Toggle_Pin
                0x0000000000000000       0x40 ./MyDrivers/Src/GPIO.o
 .debug_macro   0x0000000000000000      0xaa2 ./MyDrivers/Src/GPIO.o
 .debug_macro   0x0000000000000000       0x22 ./MyDrivers/Src/GPIO.o
 .debug_macro   0x0000000000000000       0x8e ./MyDrivers/Src/GPIO.o
 .debug_macro   0x0000000000000000       0x51 ./MyDrivers/Src/GPIO.o
 .debug_macro   0x0000000000000000      0x103 ./MyDrivers/Src/GPIO.o
 .debug_macro   0x0000000000000000       0x6a ./MyDrivers/Src/GPIO.o
 .debug_macro   0x0000000000000000      0x1df ./MyDrivers/Src/GPIO.o
 .debug_macro   0x0000000000000000       0x52 ./MyDrivers/Src/GPIO.o
 .debug_macro   0x0000000000000000       0x18 ./MyDrivers/Src/GPIO.o
 .debug_macro   0x0000000000000000       0x3c ./MyDrivers/Src/GPIO.o
 .debug_macro   0x0000000000000000       0x34 ./MyDrivers/Src/GPIO.o
 .debug_macro   0x0000000000000000      0x174 ./MyDrivers/Src/GPIO.o
 .debug_macro   0x0000000000000000       0x16 ./MyDrivers/Src/GPIO.o
 .debug_macro   0x0000000000000000       0x43 ./MyDrivers/Src/GPIO.o
 .debug_macro   0x0000000000000000       0x34 ./MyDrivers/Src/GPIO.o
 .debug_macro   0x0000000000000000       0x10 ./MyDrivers/Src/GPIO.o
 .debug_macro   0x0000000000000000       0x58 ./MyDrivers/Src/GPIO.o
 .debug_macro   0x0000000000000000       0x71 ./MyDrivers/Src/GPIO.o
 .debug_macro   0x0000000000000000       0x1c ./MyDrivers/Src/GPIO.o
 .debug_macro   0x0000000000000000      0x12a ./MyDrivers/Src/GPIO.o
 .debug_macro   0x0000000000000000      0x339 ./MyDrivers/Src/GPIO.o
 .debug_macro   0x0000000000000000       0x10 ./MyDrivers/Src/GPIO.o
 .debug_macro   0x0000000000000000       0x35 ./MyDrivers/Src/GPIO.o
 .debug_macro   0x0000000000000000       0x20 ./MyDrivers/Src/GPIO.o
 .debug_macro   0x0000000000000000      0x19c ./MyDrivers/Src/GPIO.o
 .debug_macro   0x0000000000000000       0x76 ./MyDrivers/Src/GPIO.o
 .debug_macro   0x0000000000000000       0x58 ./MyDrivers/Src/GPIO.o
 .debug_macro   0x0000000000000000       0x43 ./MyDrivers/Src/GPIO.o
 .debug_macro   0x0000000000000000       0x9a ./MyDrivers/Src/GPIO.o
 .debug_macro   0x0000000000000000       0x43 ./MyDrivers/Src/GPIO.o
 .debug_macro   0x0000000000000000       0x8e ./MyDrivers/Src/GPIO.o
 .debug_macro   0x0000000000000000       0x51 ./MyDrivers/Src/GPIO.o
 .debug_macro   0x0000000000000000       0x19 ./MyDrivers/Src/GPIO.o
 .group         0x0000000000000000        0xc ./MyDrivers/Src/I2C.o
 .group         0x0000000000000000        0xc ./MyDrivers/Src/I2C.o
 .group         0x0000000000000000        0xc ./MyDrivers/Src/I2C.o
 .group         0x0000000000000000        0xc ./MyDrivers/Src/I2C.o
 .group         0x0000000000000000        0xc ./MyDrivers/Src/I2C.o
 .group         0x0000000000000000        0xc ./MyDrivers/Src/I2C.o
 .group         0x0000000000000000        0xc ./MyDrivers/Src/I2C.o
 .group         0x0000000000000000        0xc ./MyDrivers/Src/I2C.o
 .group         0x0000000000000000        0xc ./MyDrivers/Src/I2C.o
 .group         0x0000000000000000        0xc ./MyDrivers/Src/I2C.o
 .group         0x0000000000000000        0xc ./MyDrivers/Src/I2C.o
 .group         0x0000000000000000        0xc ./MyDrivers/Src/I2C.o
 .group         0x0000000000000000        0xc ./MyDrivers/Src/I2C.o
 .group         0x0000000000000000        0xc ./MyDrivers/Src/I2C.o
 .group         0x0000000000000000        0xc ./MyDrivers/Src/I2C.o
 .group         0x0000000000000000        0xc ./MyDrivers/Src/I2C.o
 .group         0x0000000000000000        0xc ./MyDrivers/Src/I2C.o
 .group         0x0000000000000000        0xc ./MyDrivers/Src/I2C.o
 .group         0x0000000000000000        0xc ./MyDrivers/Src/I2C.o
 .group         0x0000000000000000        0xc ./MyDrivers/Src/I2C.o
 .group         0x0000000000000000        0xc ./MyDrivers/Src/I2C.o
 .group         0x0000000000000000        0xc ./MyDrivers/Src/I2C.o
 .group         0x0000000000000000        0xc ./MyDrivers/Src/I2C.o
 .group         0x0000000000000000        0xc ./MyDrivers/Src/I2C.o
 .group         0x0000000000000000        0xc ./MyDrivers/Src/I2C.o
 .group         0x0000000000000000        0xc ./MyDrivers/Src/I2C.o
 .group         0x0000000000000000        0xc ./MyDrivers/Src/I2C.o
 .group         0x0000000000000000        0xc ./MyDrivers/Src/I2C.o
 .group         0x0000000000000000        0xc ./MyDrivers/Src/I2C.o
 .group         0x0000000000000000        0xc ./MyDrivers/Src/I2C.o
 .group         0x0000000000000000        0xc ./MyDrivers/Src/I2C.o
 .group         0x0000000000000000        0xc ./MyDrivers/Src/I2C.o
 .group         0x0000000000000000        0xc ./MyDrivers/Src/I2C.o
 .group         0x0000000000000000        0xc ./MyDrivers/Src/I2C.o
 .text          0x0000000000000000        0x0 ./MyDrivers/Src/I2C.o
 .data          0x0000000000000000        0x0 ./MyDrivers/Src/I2C.o
 .bss           0x0000000000000000        0x0 ./MyDrivers/Src/I2C.o
 .debug_info    0x0000000000000000      0x911 ./MyDrivers/Src/I2C.o
 .debug_abbrev  0x0000000000000000      0x163 ./MyDrivers/Src/I2C.o
 .debug_aranges
                0x0000000000000000       0x18 ./MyDrivers/Src/I2C.o
 .debug_macro   0x0000000000000000      0x1a3 ./MyDrivers/Src/I2C.o
 .debug_macro   0x0000000000000000      0xaa2 ./MyDrivers/Src/I2C.o
 .debug_macro   0x0000000000000000       0x22 ./MyDrivers/Src/I2C.o
 .debug_macro   0x0000000000000000       0x8e ./MyDrivers/Src/I2C.o
 .debug_macro   0x0000000000000000       0x51 ./MyDrivers/Src/I2C.o
 .debug_macro   0x0000000000000000      0x103 ./MyDrivers/Src/I2C.o
 .debug_macro   0x0000000000000000       0x6a ./MyDrivers/Src/I2C.o
 .debug_macro   0x0000000000000000      0x1df ./MyDrivers/Src/I2C.o
 .debug_macro   0x0000000000000000       0x52 ./MyDrivers/Src/I2C.o
 .debug_macro   0x0000000000000000       0x18 ./MyDrivers/Src/I2C.o
 .debug_macro   0x0000000000000000       0x3c ./MyDrivers/Src/I2C.o
 .debug_macro   0x0000000000000000       0x34 ./MyDrivers/Src/I2C.o
 .debug_macro   0x0000000000000000      0x174 ./MyDrivers/Src/I2C.o
 .debug_macro   0x0000000000000000       0x16 ./MyDrivers/Src/I2C.o
 .debug_macro   0x0000000000000000       0x43 ./MyDrivers/Src/I2C.o
 .debug_macro   0x0000000000000000       0x34 ./MyDrivers/Src/I2C.o
 .debug_macro   0x0000000000000000       0x10 ./MyDrivers/Src/I2C.o
 .debug_macro   0x0000000000000000       0x58 ./MyDrivers/Src/I2C.o
 .debug_macro   0x0000000000000000       0x71 ./MyDrivers/Src/I2C.o
 .debug_macro   0x0000000000000000       0x1c ./MyDrivers/Src/I2C.o
 .debug_macro   0x0000000000000000      0x12a ./MyDrivers/Src/I2C.o
 .debug_macro   0x0000000000000000      0x339 ./MyDrivers/Src/I2C.o
 .debug_macro   0x0000000000000000       0x10 ./MyDrivers/Src/I2C.o
 .debug_macro   0x0000000000000000       0x35 ./MyDrivers/Src/I2C.o
 .debug_macro   0x0000000000000000       0x20 ./MyDrivers/Src/I2C.o
 .debug_macro   0x0000000000000000      0x19c ./MyDrivers/Src/I2C.o
 .debug_macro   0x0000000000000000       0x76 ./MyDrivers/Src/I2C.o
 .debug_macro   0x0000000000000000       0x58 ./MyDrivers/Src/I2C.o
 .debug_macro   0x0000000000000000       0xb8 ./MyDrivers/Src/I2C.o
 .debug_macro   0x0000000000000000       0x43 ./MyDrivers/Src/I2C.o
 .debug_macro   0x0000000000000000       0x9a ./MyDrivers/Src/I2C.o
 .debug_macro   0x0000000000000000       0x43 ./MyDrivers/Src/I2C.o
 .debug_macro   0x0000000000000000       0x8e ./MyDrivers/Src/I2C.o
 .debug_macro   0x0000000000000000       0x51 ./MyDrivers/Src/I2C.o
 .debug_macro   0x0000000000000000       0x19 ./MyDrivers/Src/I2C.o
 .debug_line    0x0000000000000000      0x564 ./MyDrivers/Src/I2C.o
 .debug_str     0x0000000000000000     0x9873 ./MyDrivers/Src/I2C.o
 .comment       0x0000000000000000       0x54 ./MyDrivers/Src/I2C.o
 .ARM.attributes
                0x0000000000000000       0x37 ./MyDrivers/Src/I2C.o
 .group         0x0000000000000000        0xc ./MyDrivers/Src/RCC.o
 .group         0x0000000000000000        0xc ./MyDrivers/Src/RCC.o
 .group         0x0000000000000000        0xc ./MyDrivers/Src/RCC.o
 .group         0x0000000000000000        0xc ./MyDrivers/Src/RCC.o
 .group         0x0000000000000000        0xc ./MyDrivers/Src/RCC.o
 .group         0x0000000000000000        0xc ./MyDrivers/Src/RCC.o
 .group         0x0000000000000000        0xc ./MyDrivers/Src/RCC.o
 .group         0x0000000000000000        0xc ./MyDrivers/Src/RCC.o
 .group         0x0000000000000000        0xc ./MyDrivers/Src/RCC.o
 .group         0x0000000000000000        0xc ./MyDrivers/Src/RCC.o
 .group         0x0000000000000000        0xc ./MyDrivers/Src/RCC.o
 .group         0x0000000000000000        0xc ./MyDrivers/Src/RCC.o
 .group         0x0000000000000000        0xc ./MyDrivers/Src/RCC.o
 .group         0x0000000000000000        0xc ./MyDrivers/Src/RCC.o
 .group         0x0000000000000000        0xc ./MyDrivers/Src/RCC.o
 .group         0x0000000000000000        0xc ./MyDrivers/Src/RCC.o
 .group         0x0000000000000000        0xc ./MyDrivers/Src/RCC.o
 .group         0x0000000000000000        0xc ./MyDrivers/Src/RCC.o
 .group         0x0000000000000000        0xc ./MyDrivers/Src/RCC.o
 .group         0x0000000000000000        0xc ./MyDrivers/Src/RCC.o
 .group         0x0000000000000000        0xc ./MyDrivers/Src/RCC.o
 .group         0x0000000000000000        0xc ./MyDrivers/Src/RCC.o
 .group         0x0000000000000000        0xc ./MyDrivers/Src/RCC.o
 .group         0x0000000000000000        0xc ./MyDrivers/Src/RCC.o
 .group         0x0000000000000000        0xc ./MyDrivers/Src/RCC.o
 .group         0x0000000000000000        0xc ./MyDrivers/Src/RCC.o
 .group         0x0000000000000000        0xc ./MyDrivers/Src/RCC.o
 .group         0x0000000000000000        0xc ./MyDrivers/Src/RCC.o
 .group         0x0000000000000000        0xc ./MyDrivers/Src/RCC.o
 .group         0x0000000000000000        0xc ./MyDrivers/Src/RCC.o
 .group         0x0000000000000000        0xc ./MyDrivers/Src/RCC.o
 .group         0x0000000000000000        0xc ./MyDrivers/Src/RCC.o
 .group         0x0000000000000000        0xc ./MyDrivers/Src/RCC.o
 .group         0x0000000000000000        0xc ./MyDrivers/Src/RCC.o
 .text          0x0000000000000000        0x0 ./MyDrivers/Src/RCC.o
 .data          0x0000000000000000        0x0 ./MyDrivers/Src/RCC.o
 .bss           0x0000000000000000        0x0 ./MyDrivers/Src/RCC.o
 .rodata.AHB_Prescaler
                0x0000000000000000       0x11 ./MyDrivers/Src/RCC.o
 .rodata.APB_Prescalers
                0x0000000000000000        0x8 ./MyDrivers/Src/RCC.o
 .text.RCC_GetSystemClock
                0x0000000000000000       0x54 ./MyDrivers/Src/RCC.o
 .text.RCC_GetHClock
                0x0000000000000000       0x50 ./MyDrivers/Src/RCC.o
 .text.RCC_GetPClock1
                0x0000000000000000       0x50 ./MyDrivers/Src/RCC.o
 .text.RCC_GetPClock2
                0x0000000000000000       0x50 ./MyDrivers/Src/RCC.o
 .debug_info    0x0000000000000000      0xc8b ./MyDrivers/Src/RCC.o
 .debug_abbrev  0x0000000000000000      0x1cc ./MyDrivers/Src/RCC.o
 .debug_aranges
                0x0000000000000000       0x38 ./MyDrivers/Src/RCC.o
 .debug_ranges  0x0000000000000000       0x28 ./MyDrivers/Src/RCC.o
 .debug_macro   0x0000000000000000      0x1af ./MyDrivers/Src/RCC.o
 .debug_macro   0x0000000000000000      0xaa2 ./MyDrivers/Src/RCC.o
 .debug_macro   0x0000000000000000       0x22 ./MyDrivers/Src/RCC.o
 .debug_macro   0x0000000000000000       0x8e ./MyDrivers/Src/RCC.o
 .debug_macro   0x0000000000000000       0x51 ./MyDrivers/Src/RCC.o
 .debug_macro   0x0000000000000000      0x103 ./MyDrivers/Src/RCC.o
 .debug_macro   0x0000000000000000       0x6a ./MyDrivers/Src/RCC.o
 .debug_macro   0x0000000000000000      0x1df ./MyDrivers/Src/RCC.o
 .debug_macro   0x0000000000000000       0x52 ./MyDrivers/Src/RCC.o
 .debug_macro   0x0000000000000000       0x18 ./MyDrivers/Src/RCC.o
 .debug_macro   0x0000000000000000       0x3c ./MyDrivers/Src/RCC.o
 .debug_macro   0x0000000000000000       0x34 ./MyDrivers/Src/RCC.o
 .debug_macro   0x0000000000000000      0x174 ./MyDrivers/Src/RCC.o
 .debug_macro   0x0000000000000000       0x16 ./MyDrivers/Src/RCC.o
 .debug_macro   0x0000000000000000       0x43 ./MyDrivers/Src/RCC.o
 .debug_macro   0x0000000000000000       0x34 ./MyDrivers/Src/RCC.o
 .debug_macro   0x0000000000000000       0x10 ./MyDrivers/Src/RCC.o
 .debug_macro   0x0000000000000000       0x58 ./MyDrivers/Src/RCC.o
 .debug_macro   0x0000000000000000       0x71 ./MyDrivers/Src/RCC.o
 .debug_macro   0x0000000000000000       0x1c ./MyDrivers/Src/RCC.o
 .debug_macro   0x0000000000000000      0x12a ./MyDrivers/Src/RCC.o
 .debug_macro   0x0000000000000000      0x339 ./MyDrivers/Src/RCC.o
 .debug_macro   0x0000000000000000       0x10 ./MyDrivers/Src/RCC.o
 .debug_macro   0x0000000000000000       0x35 ./MyDrivers/Src/RCC.o
 .debug_macro   0x0000000000000000       0x20 ./MyDrivers/Src/RCC.o
 .debug_macro   0x0000000000000000      0x19c ./MyDrivers/Src/RCC.o
 .debug_macro   0x0000000000000000       0x58 ./MyDrivers/Src/RCC.o
 .debug_macro   0x0000000000000000       0xb2 ./MyDrivers/Src/RCC.o
 .debug_macro   0x0000000000000000       0x43 ./MyDrivers/Src/RCC.o
 .debug_macro   0x0000000000000000       0x9a ./MyDrivers/Src/RCC.o
 .debug_macro   0x0000000000000000       0x43 ./MyDrivers/Src/RCC.o
 .debug_macro   0x0000000000000000       0x8e ./MyDrivers/Src/RCC.o
 .debug_macro   0x0000000000000000       0x51 ./MyDrivers/Src/RCC.o
 .debug_macro   0x0000000000000000       0x19 ./MyDrivers/Src/RCC.o
 .debug_macro   0x0000000000000000       0x76 ./MyDrivers/Src/RCC.o
 .debug_line    0x0000000000000000      0x643 ./MyDrivers/Src/RCC.o
 .debug_str     0x0000000000000000     0x9a7f ./MyDrivers/Src/RCC.o
 .comment       0x0000000000000000       0x54 ./MyDrivers/Src/RCC.o
 .debug_frame   0x0000000000000000       0xa4 ./MyDrivers/Src/RCC.o
 .ARM.attributes
                0x0000000000000000       0x2e ./MyDrivers/Src/RCC.o
 .group         0x0000000000000000        0xc ./MyDrivers/Src/SPI.o
 .group         0x0000000000000000        0xc ./MyDrivers/Src/SPI.o
 .group         0x0000000000000000        0xc ./MyDrivers/Src/SPI.o
 .group         0x0000000000000000        0xc ./MyDrivers/Src/SPI.o
 .group         0x0000000000000000        0xc ./MyDrivers/Src/SPI.o
 .group         0x0000000000000000        0xc ./MyDrivers/Src/SPI.o
 .group         0x0000000000000000        0xc ./MyDrivers/Src/SPI.o
 .group         0x0000000000000000        0xc ./MyDrivers/Src/SPI.o
 .group         0x0000000000000000        0xc ./MyDrivers/Src/SPI.o
 .group         0x0000000000000000        0xc ./MyDrivers/Src/SPI.o
 .group         0x0000000000000000        0xc ./MyDrivers/Src/SPI.o
 .group         0x0000000000000000        0xc ./MyDrivers/Src/SPI.o
 .group         0x0000000000000000        0xc ./MyDrivers/Src/SPI.o
 .group         0x0000000000000000        0xc ./MyDrivers/Src/SPI.o
 .group         0x0000000000000000        0xc ./MyDrivers/Src/SPI.o
 .group         0x0000000000000000        0xc ./MyDrivers/Src/SPI.o
 .group         0x0000000000000000        0xc ./MyDrivers/Src/SPI.o
 .group         0x0000000000000000        0xc ./MyDrivers/Src/SPI.o
 .group         0x0000000000000000        0xc ./MyDrivers/Src/SPI.o
 .group         0x0000000000000000        0xc ./MyDrivers/Src/SPI.o
 .group         0x0000000000000000        0xc ./MyDrivers/Src/SPI.o
 .group         0x0000000000000000        0xc ./MyDrivers/Src/SPI.o
 .group         0x0000000000000000        0xc ./MyDrivers/Src/SPI.o
 .group         0x0000000000000000        0xc ./MyDrivers/Src/SPI.o
 .group         0x0000000000000000        0xc ./MyDrivers/Src/SPI.o
 .group         0x0000000000000000        0xc ./MyDrivers/Src/SPI.o
 .group         0x0000000000000000        0xc ./MyDrivers/Src/SPI.o
 .group         0x0000000000000000        0xc ./MyDrivers/Src/SPI.o
 .group         0x0000000000000000        0xc ./MyDrivers/Src/SPI.o
 .group         0x0000000000000000        0xc ./MyDrivers/Src/SPI.o
 .group         0x0000000000000000        0xc ./MyDrivers/Src/SPI.o
 .group         0x0000000000000000        0xc ./MyDrivers/Src/SPI.o
 .group         0x0000000000000000        0xc ./MyDrivers/Src/SPI.o
 .group         0x0000000000000000        0xc ./MyDrivers/Src/SPI.o
 .text          0x0000000000000000        0x0 ./MyDrivers/Src/SPI.o
 .data          0x0000000000000000        0x0 ./MyDrivers/Src/SPI.o
 .bss           0x0000000000000000        0x0 ./MyDrivers/Src/SPI.o
 .text.SPI_CloseISR_TX
                0x0000000000000000       0x36 ./MyDrivers/Src/SPI.o
 .text.SPI_TransmitHelper_16Bits
                0x0000000000000000       0x34 ./MyDrivers/Src/SPI.o
 .text.SPI_TransmitHelper_8Bits
                0x0000000000000000       0x40 ./MyDrivers/Src/SPI.o
 .text.SPI_TransmitData
                0x0000000000000000       0x8c ./MyDrivers/Src/SPI.o
 .text.SPI_GetFlagStatus
                0x0000000000000000       0x2a ./MyDrivers/Src/SPI.o
 .text.SPI_TransmitData_IT
                0x0000000000000000       0x70 ./MyDrivers/Src/SPI.o
 .debug_macro   0x0000000000000000      0xaa2 ./MyDrivers/Src/SPI.o
 .debug_macro   0x0000000000000000       0x22 ./MyDrivers/Src/SPI.o
 .debug_macro   0x0000000000000000       0x8e ./MyDrivers/Src/SPI.o
 .debug_macro   0x0000000000000000       0x51 ./MyDrivers/Src/SPI.o
 .debug_macro   0x0000000000000000      0x103 ./MyDrivers/Src/SPI.o
 .debug_macro   0x0000000000000000       0x6a ./MyDrivers/Src/SPI.o
 .debug_macro   0x0000000000000000      0x1df ./MyDrivers/Src/SPI.o
 .debug_macro   0x0000000000000000       0x52 ./MyDrivers/Src/SPI.o
 .debug_macro   0x0000000000000000       0x18 ./MyDrivers/Src/SPI.o
 .debug_macro   0x0000000000000000       0x3c ./MyDrivers/Src/SPI.o
 .debug_macro   0x0000000000000000       0x34 ./MyDrivers/Src/SPI.o
 .debug_macro   0x0000000000000000      0x174 ./MyDrivers/Src/SPI.o
 .debug_macro   0x0000000000000000       0x16 ./MyDrivers/Src/SPI.o
 .debug_macro   0x0000000000000000       0x43 ./MyDrivers/Src/SPI.o
 .debug_macro   0x0000000000000000       0x34 ./MyDrivers/Src/SPI.o
 .debug_macro   0x0000000000000000       0x10 ./MyDrivers/Src/SPI.o
 .debug_macro   0x0000000000000000       0x58 ./MyDrivers/Src/SPI.o
 .debug_macro   0x0000000000000000       0x71 ./MyDrivers/Src/SPI.o
 .debug_macro   0x0000000000000000       0x1c ./MyDrivers/Src/SPI.o
 .debug_macro   0x0000000000000000      0x12a ./MyDrivers/Src/SPI.o
 .debug_macro   0x0000000000000000      0x339 ./MyDrivers/Src/SPI.o
 .debug_macro   0x0000000000000000       0x10 ./MyDrivers/Src/SPI.o
 .debug_macro   0x0000000000000000       0x35 ./MyDrivers/Src/SPI.o
 .debug_macro   0x0000000000000000       0x20 ./MyDrivers/Src/SPI.o
 .debug_macro   0x0000000000000000      0x19c ./MyDrivers/Src/SPI.o
 .debug_macro   0x0000000000000000       0x76 ./MyDrivers/Src/SPI.o
 .debug_macro   0x0000000000000000       0x58 ./MyDrivers/Src/SPI.o
 .debug_macro   0x0000000000000000       0xb8 ./MyDrivers/Src/SPI.o
 .debug_macro   0x0000000000000000       0x43 ./MyDrivers/Src/SPI.o
 .debug_macro   0x0000000000000000       0x43 ./MyDrivers/Src/SPI.o
 .debug_macro   0x0000000000000000       0x8e ./MyDrivers/Src/SPI.o
 .debug_macro   0x0000000000000000       0x51 ./MyDrivers/Src/SPI.o
 .debug_macro   0x0000000000000000       0x19 ./MyDrivers/Src/SPI.o
 .group         0x0000000000000000        0xc ./MyDrivers/Src/USART.o
 .group         0x0000000000000000        0xc ./MyDrivers/Src/USART.o
 .group         0x0000000000000000        0xc ./MyDrivers/Src/USART.o
 .group         0x0000000000000000        0xc ./MyDrivers/Src/USART.o
 .group         0x0000000000000000        0xc ./MyDrivers/Src/USART.o
 .group         0x0000000000000000        0xc ./MyDrivers/Src/USART.o
 .group         0x0000000000000000        0xc ./MyDrivers/Src/USART.o
 .group         0x0000000000000000        0xc ./MyDrivers/Src/USART.o
 .group         0x0000000000000000        0xc ./MyDrivers/Src/USART.o
 .group         0x0000000000000000        0xc ./MyDrivers/Src/USART.o
 .group         0x0000000000000000        0xc ./MyDrivers/Src/USART.o
 .group         0x0000000000000000        0xc ./MyDrivers/Src/USART.o
 .group         0x0000000000000000        0xc ./MyDrivers/Src/USART.o
 .group         0x0000000000000000        0xc ./MyDrivers/Src/USART.o
 .group         0x0000000000000000        0xc ./MyDrivers/Src/USART.o
 .group         0x0000000000000000        0xc ./MyDrivers/Src/USART.o
 .group         0x0000000000000000        0xc ./MyDrivers/Src/USART.o
 .group         0x0000000000000000        0xc ./MyDrivers/Src/USART.o
 .group         0x0000000000000000        0xc ./MyDrivers/Src/USART.o
 .group         0x0000000000000000        0xc ./MyDrivers/Src/USART.o
 .group         0x0000000000000000        0xc ./MyDrivers/Src/USART.o
 .group         0x0000000000000000        0xc ./MyDrivers/Src/USART.o
 .group         0x0000000000000000        0xc ./MyDrivers/Src/USART.o
 .group         0x0000000000000000        0xc ./MyDrivers/Src/USART.o
 .group         0x0000000000000000        0xc ./MyDrivers/Src/USART.o
 .group         0x0000000000000000        0xc ./MyDrivers/Src/USART.o
 .group         0x0000000000000000        0xc ./MyDrivers/Src/USART.o
 .group         0x0000000000000000        0xc ./MyDrivers/Src/USART.o
 .group         0x0000000000000000        0xc ./MyDrivers/Src/USART.o
 .group         0x0000000000000000        0xc ./MyDrivers/Src/USART.o
 .group         0x0000000000000000        0xc ./MyDrivers/Src/USART.o
 .group         0x0000000000000000        0xc ./MyDrivers/Src/USART.o
 .group         0x0000000000000000        0xc ./MyDrivers/Src/USART.o
 .group         0x0000000000000000        0xc ./MyDrivers/Src/USART.o
 .text          0x0000000000000000        0x0 ./MyDrivers/Src/USART.o
 .data          0x0000000000000000        0x0 ./MyDrivers/Src/USART.o
 .bss           0x0000000000000000        0x0 ./MyDrivers/Src/USART.o
 .text.USART_SendWith_IT
                0x0000000000000000       0x6c ./MyDrivers/Src/USART.o
 .text.USART_Init
                0x0000000000000000      0x14c ./MyDrivers/Src/USART.o
 .text.USART_TransmitData
                0x0000000000000000       0x96 ./MyDrivers/Src/USART.o
 .text.USART_GetFlagStatus
                0x0000000000000000       0x2a ./MyDrivers/Src/USART.o
 .text.USART_PeriphCmd
                0x0000000000000000       0x3e ./MyDrivers/Src/USART.o
 .text.USART_ReveiceData
                0x0000000000000000       0xec ./MyDrivers/Src/USART.o
 .text.USART_TransmitData_IT
                0x0000000000000000       0x58 ./MyDrivers/Src/USART.o
 .text.USART_InterrutHandler
                0x0000000000000000       0x4c ./MyDrivers/Src/USART.o
 .debug_info    0x0000000000000000      0xdec ./MyDrivers/Src/USART.o
 .debug_abbrev  0x0000000000000000      0x23b ./MyDrivers/Src/USART.o
 .debug_aranges
                0x0000000000000000       0x58 ./MyDrivers/Src/USART.o
 .debug_ranges  0x0000000000000000       0x48 ./MyDrivers/Src/USART.o
 .debug_macro   0x0000000000000000      0x1a9 ./MyDrivers/Src/USART.o
 .debug_macro   0x0000000000000000      0xaa2 ./MyDrivers/Src/USART.o
 .debug_macro   0x0000000000000000       0x22 ./MyDrivers/Src/USART.o
 .debug_macro   0x0000000000000000       0x8e ./MyDrivers/Src/USART.o
 .debug_macro   0x0000000000000000       0x51 ./MyDrivers/Src/USART.o
 .debug_macro   0x0000000000000000      0x103 ./MyDrivers/Src/USART.o
 .debug_macro   0x0000000000000000       0x6a ./MyDrivers/Src/USART.o
 .debug_macro   0x0000000000000000      0x1df ./MyDrivers/Src/USART.o
 .debug_macro   0x0000000000000000       0x52 ./MyDrivers/Src/USART.o
 .debug_macro   0x0000000000000000       0x18 ./MyDrivers/Src/USART.o
 .debug_macro   0x0000000000000000       0x3c ./MyDrivers/Src/USART.o
 .debug_macro   0x0000000000000000       0x34 ./MyDrivers/Src/USART.o
 .debug_macro   0x0000000000000000      0x174 ./MyDrivers/Src/USART.o
 .debug_macro   0x0000000000000000       0x16 ./MyDrivers/Src/USART.o
 .debug_macro   0x0000000000000000       0x43 ./MyDrivers/Src/USART.o
 .debug_macro   0x0000000000000000       0x34 ./MyDrivers/Src/USART.o
 .debug_macro   0x0000000000000000       0x10 ./MyDrivers/Src/USART.o
 .debug_macro   0x0000000000000000       0x58 ./MyDrivers/Src/USART.o
 .debug_macro   0x0000000000000000       0x71 ./MyDrivers/Src/USART.o
 .debug_macro   0x0000000000000000       0x1c ./MyDrivers/Src/USART.o
 .debug_macro   0x0000000000000000      0x12a ./MyDrivers/Src/USART.o
 .debug_macro   0x0000000000000000      0x339 ./MyDrivers/Src/USART.o
 .debug_macro   0x0000000000000000       0x10 ./MyDrivers/Src/USART.o
 .debug_macro   0x0000000000000000       0x35 ./MyDrivers/Src/USART.o
 .debug_macro   0x0000000000000000       0x20 ./MyDrivers/Src/USART.o
 .debug_macro   0x0000000000000000      0x19c ./MyDrivers/Src/USART.o
 .debug_macro   0x0000000000000000       0x76 ./MyDrivers/Src/USART.o
 .debug_macro   0x0000000000000000       0x58 ./MyDrivers/Src/USART.o
 .debug_macro   0x0000000000000000       0xb8 ./MyDrivers/Src/USART.o
 .debug_macro   0x0000000000000000       0x43 ./MyDrivers/Src/USART.o
 .debug_macro   0x0000000000000000       0x9a ./MyDrivers/Src/USART.o
 .debug_macro   0x0000000000000000       0x43 ./MyDrivers/Src/USART.o
 .debug_macro   0x0000000000000000       0x51 ./MyDrivers/Src/USART.o
 .debug_macro   0x0000000000000000       0x19 ./MyDrivers/Src/USART.o
 .debug_macro   0x0000000000000000       0x88 ./MyDrivers/Src/USART.o
 .debug_line    0x0000000000000000      0x897 ./MyDrivers/Src/USART.o
 .debug_str     0x0000000000000000     0x9b9b ./MyDrivers/Src/USART.o
 .comment       0x0000000000000000       0x54 ./MyDrivers/Src/USART.o
 .debug_frame   0x0000000000000000      0x140 ./MyDrivers/Src/USART.o
 .ARM.attributes
                0x0000000000000000       0x2e ./MyDrivers/Src/USART.o
 .group         0x0000000000000000        0xc ./Src/main.o
 .group         0x0000000000000000        0xc ./Src/main.o
 .group         0x0000000000000000        0xc ./Src/main.o
 .group         0x0000000000000000        0xc ./Src/main.o
 .group         0x0000000000000000        0xc ./Src/main.o
 .group         0x0000000000000000        0xc ./Src/main.o
 .group         0x0000000000000000        0xc ./Src/main.o
 .group         0x0000000000000000        0xc ./Src/main.o
 .group         0x0000000000000000        0xc ./Src/main.o
 .group         0x0000000000000000        0xc ./Src/main.o
 .group         0x0000000000000000        0xc ./Src/main.o
 .group         0x0000000000000000        0xc ./Src/main.o
 .group         0x0000000000000000        0xc ./Src/main.o
 .group         0x0000000000000000        0xc ./Src/main.o
 .group         0x0000000000000000        0xc ./Src/main.o
 .group         0x0000000000000000        0xc ./Src/main.o
 .group         0x0000000000000000        0xc ./Src/main.o
 .group         0x0000000000000000        0xc ./Src/main.o
 .group         0x0000000000000000        0xc ./Src/main.o
 .group         0x0000000000000000        0xc ./Src/main.o
 .group         0x0000000000000000        0xc ./Src/main.o
 .group         0x0000000000000000        0xc ./Src/main.o
 .group         0x0000000000000000        0xc ./Src/main.o
 .group         0x0000000000000000        0xc ./Src/main.o
 .group         0x0000000000000000        0xc ./Src/main.o
 .group         0x0000000000000000        0xc ./Src/main.o
 .group         0x0000000000000000        0xc ./Src/main.o
 .group         0x0000000000000000        0xc ./Src/main.o
 .group         0x0000000000000000        0xc ./Src/main.o
 .group         0x0000000000000000        0xc ./Src/main.o
 .group         0x0000000000000000        0xc ./Src/main.o
 .group         0x0000000000000000        0xc ./Src/main.o
 .group         0x0000000000000000        0xc ./Src/main.o
 .group         0x0000000000000000        0xc ./Src/main.o
 .group         0x0000000000000000        0xc ./Src/main.o
 .text          0x0000000000000000        0x0 ./Src/main.o
 .data          0x0000000000000000        0x0 ./Src/main.o
 .bss           0x0000000000000000        0x0 ./Src/main.o
 .text.LockControl
                0x0000000000000000       0x38 ./Src/main.o
 .debug_macro   0x0000000000000000      0xaa2 ./Src/main.o
 .debug_macro   0x0000000000000000       0x22 ./Src/main.o
 .debug_macro   0x0000000000000000       0x8e ./Src/main.o
 .debug_macro   0x0000000000000000       0x51 ./Src/main.o
 .debug_macro   0x0000000000000000      0x103 ./Src/main.o
 .debug_macro   0x0000000000000000       0x6a ./Src/main.o
 .debug_macro   0x0000000000000000      0x1df ./Src/main.o
 .debug_macro   0x0000000000000000       0x52 ./Src/main.o
 .debug_macro   0x0000000000000000       0x18 ./Src/main.o
 .debug_macro   0x0000000000000000       0x3c ./Src/main.o
 .debug_macro   0x0000000000000000       0x34 ./Src/main.o
 .debug_macro   0x0000000000000000      0x174 ./Src/main.o
 .debug_macro   0x0000000000000000       0x16 ./Src/main.o
 .debug_macro   0x0000000000000000       0x43 ./Src/main.o
 .debug_macro   0x0000000000000000       0x34 ./Src/main.o
 .debug_macro   0x0000000000000000       0x10 ./Src/main.o
 .debug_macro   0x0000000000000000       0x58 ./Src/main.o
 .debug_macro   0x0000000000000000       0x71 ./Src/main.o
 .debug_macro   0x0000000000000000       0x1c ./Src/main.o
 .debug_macro   0x0000000000000000      0x12a ./Src/main.o
 .debug_macro   0x0000000000000000      0x339 ./Src/main.o
 .debug_macro   0x0000000000000000       0x10 ./Src/main.o
 .debug_macro   0x0000000000000000       0x35 ./Src/main.o
 .debug_macro   0x0000000000000000       0x20 ./Src/main.o
 .debug_macro   0x0000000000000000      0x19c ./Src/main.o
 .debug_macro   0x0000000000000000       0x76 ./Src/main.o
 .debug_macro   0x0000000000000000       0x58 ./Src/main.o
 .debug_macro   0x0000000000000000       0xb8 ./Src/main.o
 .debug_macro   0x0000000000000000       0x43 ./Src/main.o
 .debug_macro   0x0000000000000000       0x9a ./Src/main.o
 .debug_macro   0x0000000000000000       0x43 ./Src/main.o
 .debug_macro   0x0000000000000000       0x8e ./Src/main.o
 .debug_macro   0x0000000000000000       0x51 ./Src/main.o
 .debug_macro   0x0000000000000000       0x19 ./Src/main.o
 .group         0x0000000000000000        0xc ./Src/syscalls.o
 .group         0x0000000000000000        0xc ./Src/syscalls.o
 .group         0x0000000000000000        0xc ./Src/syscalls.o
 .group         0x0000000000000000        0xc ./Src/syscalls.o
 .group         0x0000000000000000        0xc ./Src/syscalls.o
 .group         0x0000000000000000        0xc ./Src/syscalls.o
 .group         0x0000000000000000        0xc ./Src/syscalls.o
 .group         0x0000000000000000        0xc ./Src/syscalls.o
 .group         0x0000000000000000        0xc ./Src/syscalls.o
 .group         0x0000000000000000        0xc ./Src/syscalls.o
 .group         0x0000000000000000        0xc ./Src/syscalls.o
 .group         0x0000000000000000        0xc ./Src/syscalls.o
 .group         0x0000000000000000        0xc ./Src/syscalls.o
 .group         0x0000000000000000        0xc ./Src/syscalls.o
 .group         0x0000000000000000        0xc ./Src/syscalls.o
 .group         0x0000000000000000        0xc ./Src/syscalls.o
 .group         0x0000000000000000        0xc ./Src/syscalls.o
 .group         0x0000000000000000        0xc ./Src/syscalls.o
 .group         0x0000000000000000        0xc ./Src/syscalls.o
 .group         0x0000000000000000        0xc ./Src/syscalls.o
 .group         0x0000000000000000        0xc ./Src/syscalls.o
 .group         0x0000000000000000        0xc ./Src/syscalls.o
 .group         0x0000000000000000        0xc ./Src/syscalls.o
 .group         0x0000000000000000        0xc ./Src/syscalls.o
 .group         0x0000000000000000        0xc ./Src/syscalls.o
 .group         0x0000000000000000        0xc ./Src/syscalls.o
 .group         0x0000000000000000        0xc ./Src/syscalls.o
 .group         0x0000000000000000        0xc ./Src/syscalls.o
 .group         0x0000000000000000        0xc ./Src/syscalls.o
 .group         0x0000000000000000        0xc ./Src/syscalls.o
 .group         0x0000000000000000        0xc ./Src/syscalls.o
 .group         0x0000000000000000        0xc ./Src/syscalls.o
 .group         0x0000000000000000        0xc ./Src/syscalls.o
 .group         0x0000000000000000        0xc ./Src/syscalls.o
 .group         0x0000000000000000        0xc ./Src/syscalls.o
 .group         0x0000000000000000        0xc ./Src/syscalls.o
 .group         0x0000000000000000        0xc ./Src/syscalls.o
 .group         0x0000000000000000        0xc ./Src/syscalls.o
 .group         0x0000000000000000        0xc ./Src/syscalls.o
 .group         0x0000000000000000        0xc ./Src/syscalls.o
 .group         0x0000000000000000        0xc ./Src/syscalls.o
 .group         0x0000000000000000        0xc ./Src/syscalls.o
 .group         0x0000000000000000        0xc ./Src/syscalls.o
 .group         0x0000000000000000        0xc ./Src/syscalls.o
 .group         0x0000000000000000        0xc ./Src/syscalls.o
 .group         0x0000000000000000        0xc ./Src/syscalls.o
 .group         0x0000000000000000        0xc ./Src/syscalls.o
 .text          0x0000000000000000        0x0 ./Src/syscalls.o
 .data          0x0000000000000000        0x0 ./Src/syscalls.o
 .bss           0x0000000000000000        0x0 ./Src/syscalls.o
 .bss.__env     0x0000000000000000        0x4 ./Src/syscalls.o
 .data.environ  0x0000000000000000        0x4 ./Src/syscalls.o
 .text.initialise_monitor_handles
                0x0000000000000000        0xc ./Src/syscalls.o
 .text._getpid  0x0000000000000000        0xe ./Src/syscalls.o
 .text._kill    0x0000000000000000       0x20 ./Src/syscalls.o
 .text._exit    0x0000000000000000       0x14 ./Src/syscalls.o
 .text._read    0x0000000000000000       0x3a ./Src/syscalls.o
 .text._write   0x0000000000000000       0x38 ./Src/syscalls.o
 .text._close   0x0000000000000000       0x16 ./Src/syscalls.o
 .text._fstat   0x0000000000000000       0x1e ./Src/syscalls.o
 .text._isatty  0x0000000000000000       0x14 ./Src/syscalls.o
 .text._lseek   0x0000000000000000       0x18 ./Src/syscalls.o
 .text._open    0x0000000000000000       0x1a ./Src/syscalls.o
 .text._wait    0x0000000000000000       0x1e ./Src/syscalls.o
 .text._unlink  0x0000000000000000       0x1e ./Src/syscalls.o
 .text._times   0x0000000000000000       0x16 ./Src/syscalls.o
 .text._stat    0x0000000000000000       0x1e ./Src/syscalls.o
 .text._link    0x0000000000000000       0x20 ./Src/syscalls.o
 .text._fork    0x0000000000000000       0x16 ./Src/syscalls.o
 .text._execve  0x0000000000000000       0x22 ./Src/syscalls.o
 .debug_info    0x0000000000000000      0xfa8 ./Src/syscalls.o
 .debug_abbrev  0x0000000000000000      0x286 ./Src/syscalls.o
 .debug_aranges
                0x0000000000000000       0xa8 ./Src/syscalls.o
 .debug_ranges  0x0000000000000000       0x98 ./Src/syscalls.o
 .debug_macro   0x0000000000000000      0x24c ./Src/syscalls.o
 .debug_macro   0x0000000000000000      0xaa2 ./Src/syscalls.o
 .debug_macro   0x0000000000000000       0x22 ./Src/syscalls.o
 .debug_macro   0x0000000000000000       0x4c ./Src/syscalls.o
 .debug_macro   0x0000000000000000       0x18 ./Src/syscalls.o
 .debug_macro   0x0000000000000000       0x94 ./Src/syscalls.o
 .debug_macro   0x0000000000000000       0x3c ./Src/syscalls.o
 .debug_macro   0x0000000000000000       0x34 ./Src/syscalls.o
 .debug_macro   0x0000000000000000       0x57 ./Src/syscalls.o
 .debug_macro   0x0000000000000000      0x174 ./Src/syscalls.o
 .debug_macro   0x0000000000000000      0x339 ./Src/syscalls.o
 .debug_macro   0x0000000000000000       0x16 ./Src/syscalls.o
 .debug_macro   0x0000000000000000       0x43 ./Src/syscalls.o
 .debug_macro   0x0000000000000000       0x34 ./Src/syscalls.o
 .debug_macro   0x0000000000000000       0x10 ./Src/syscalls.o
 .debug_macro   0x0000000000000000       0x58 ./Src/syscalls.o
 .debug_macro   0x0000000000000000       0x71 ./Src/syscalls.o
 .debug_macro   0x0000000000000000       0x1c ./Src/syscalls.o
 .debug_macro   0x0000000000000000      0x12a ./Src/syscalls.o
 .debug_macro   0x0000000000000000       0x10 ./Src/syscalls.o
 .debug_macro   0x0000000000000000       0x35 ./Src/syscalls.o
 .debug_macro   0x0000000000000000       0x10 ./Src/syscalls.o
 .debug_macro   0x0000000000000000       0x10 ./Src/syscalls.o
 .debug_macro   0x0000000000000000       0x10 ./Src/syscalls.o
 .debug_macro   0x0000000000000000       0x6a ./Src/syscalls.o
 .debug_macro   0x0000000000000000       0x1c ./Src/syscalls.o
 .debug_macro   0x0000000000000000       0x52 ./Src/syscalls.o
 .debug_macro   0x0000000000000000       0x22 ./Src/syscalls.o
 .debug_macro   0x0000000000000000       0x10 ./Src/syscalls.o
 .debug_macro   0x0000000000000000       0x40 ./Src/syscalls.o
 .debug_macro   0x0000000000000000       0xd5 ./Src/syscalls.o
 .debug_macro   0x0000000000000000       0x1c ./Src/syscalls.o
 .debug_macro   0x0000000000000000       0x3d ./Src/syscalls.o
 .debug_macro   0x0000000000000000       0x35 ./Src/syscalls.o
 .debug_macro   0x0000000000000000      0x12c ./Src/syscalls.o
 .debug_macro   0x0000000000000000       0x16 ./Src/syscalls.o
 .debug_macro   0x0000000000000000       0x16 ./Src/syscalls.o
 .debug_macro   0x0000000000000000       0x29 ./Src/syscalls.o
 .debug_macro   0x0000000000000000       0x10 ./Src/syscalls.o
 .debug_macro   0x0000000000000000      0x241 ./Src/syscalls.o
 .debug_macro   0x0000000000000000       0x1c ./Src/syscalls.o
 .debug_macro   0x0000000000000000       0x10 ./Src/syscalls.o
 .debug_macro   0x0000000000000000       0x10 ./Src/syscalls.o
 .debug_macro   0x0000000000000000       0x16 ./Src/syscalls.o
 .debug_macro   0x0000000000000000      0x145 ./Src/syscalls.o
 .debug_macro   0x0000000000000000      0x189 ./Src/syscalls.o
 .debug_macro   0x0000000000000000       0x16 ./Src/syscalls.o
 .debug_macro   0x0000000000000000       0xce ./Src/syscalls.o
 .debug_line    0x0000000000000000      0x7fd ./Src/syscalls.o
 .debug_str     0x0000000000000000     0x8ea0 ./Src/syscalls.o
 .comment       0x0000000000000000       0x54 ./Src/syscalls.o
 .debug_frame   0x0000000000000000      0x2ac ./Src/syscalls.o
 .ARM.attributes
                0x0000000000000000       0x2e ./Src/syscalls.o
 .group         0x0000000000000000        0xc ./Src/sysmem.o
 .group         0x0000000000000000        0xc ./Src/sysmem.o
 .group         0x0000000000000000        0xc ./Src/sysmem.o
 .group         0x0000000000000000        0xc ./Src/sysmem.o
 .group         0x0000000000000000        0xc ./Src/sysmem.o
 .group         0x0000000000000000        0xc ./Src/sysmem.o
 .group         0x0000000000000000        0xc ./Src/sysmem.o
 .group         0x0000000000000000        0xc ./Src/sysmem.o
 .group         0x0000000000000000        0xc ./Src/sysmem.o
 .group         0x0000000000000000        0xc ./Src/sysmem.o
 .group         0x0000000000000000        0xc ./Src/sysmem.o
 .group         0x0000000000000000        0xc ./Src/sysmem.o
 .group         0x0000000000000000        0xc ./Src/sysmem.o
 .group         0x0000000000000000        0xc ./Src/sysmem.o
 .group         0x0000000000000000        0xc ./Src/sysmem.o
 .group         0x0000000000000000        0xc ./Src/sysmem.o
 .group         0x0000000000000000        0xc ./Src/sysmem.o
 .group         0x0000000000000000        0xc ./Src/sysmem.o
 .group         0x0000000000000000        0xc ./Src/sysmem.o
 .group         0x0000000000000000        0xc ./Src/sysmem.o
 .group         0x0000000000000000        0xc ./Src/sysmem.o
 .group         0x0000000000000000        0xc ./Src/sysmem.o
 .text          0x0000000000000000        0x0 ./Src/sysmem.o
 .data          0x0000000000000000        0x0 ./Src/sysmem.o
 .bss           0x0000000000000000        0x0 ./Src/sysmem.o
 .bss.__sbrk_heap_end
                0x0000000000000000        0x4 ./Src/sysmem.o
 .text._sbrk    0x0000000000000000       0x6c ./Src/sysmem.o
 .debug_info    0x0000000000000000      0xa25 ./Src/sysmem.o
 .debug_abbrev  0x0000000000000000      0x1bf ./Src/sysmem.o
 .debug_aranges
                0x0000000000000000       0x20 ./Src/sysmem.o
 .debug_ranges  0x0000000000000000       0x10 ./Src/sysmem.o
 .debug_macro   0x0000000000000000       0xff ./Src/sysmem.o
 .debug_macro   0x0000000000000000      0xaa2 ./Src/sysmem.o
 .debug_macro   0x0000000000000000       0x10 ./Src/sysmem.o
 .debug_macro   0x0000000000000000       0x22 ./Src/sysmem.o
 .debug_macro   0x0000000000000000       0x4c ./Src/sysmem.o
 .debug_macro   0x0000000000000000       0x18 ./Src/sysmem.o
 .debug_macro   0x0000000000000000       0x94 ./Src/sysmem.o
 .debug_macro   0x0000000000000000       0x3c ./Src/sysmem.o
 .debug_macro   0x0000000000000000       0x34 ./Src/sysmem.o
 .debug_macro   0x0000000000000000      0x174 ./Src/sysmem.o
 .debug_macro   0x0000000000000000       0x16 ./Src/sysmem.o
 .debug_macro   0x0000000000000000       0x43 ./Src/sysmem.o
 .debug_macro   0x0000000000000000       0x57 ./Src/sysmem.o
 .debug_macro   0x0000000000000000       0x34 ./Src/sysmem.o
 .debug_macro   0x0000000000000000       0x10 ./Src/sysmem.o
 .debug_macro   0x0000000000000000       0x58 ./Src/sysmem.o
 .debug_macro   0x0000000000000000       0x71 ./Src/sysmem.o
 .debug_macro   0x0000000000000000       0x1c ./Src/sysmem.o
 .debug_macro   0x0000000000000000      0x12a ./Src/sysmem.o
 .debug_macro   0x0000000000000000      0x23b ./Src/sysmem.o
 .debug_macro   0x0000000000000000      0x103 ./Src/sysmem.o
 .debug_macro   0x0000000000000000       0x6a ./Src/sysmem.o
 .debug_macro   0x0000000000000000      0x1df ./Src/sysmem.o
 .debug_line    0x0000000000000000      0x4f3 ./Src/sysmem.o
 .debug_str     0x0000000000000000     0x6273 ./Src/sysmem.o
 .comment       0x0000000000000000       0x54 ./Src/sysmem.o
 .debug_frame   0x0000000000000000       0x34 ./Src/sysmem.o
 .ARM.attributes
                0x0000000000000000       0x2e ./Src/sysmem.o
 .text          0x0000000000000000       0x14 ./Startup/startup_stm32f407vgtx.o
 .data          0x0000000000000000        0x0 ./Startup/startup_stm32f407vgtx.o
 .bss           0x0000000000000000        0x0 ./Startup/startup_stm32f407vgtx.o
 .text          0x0000000000000000        0x0 c:/st/stm32cubeide_1.6.0/stm32cubeide/plugins/com.st.stm32cube.ide.mcu.externaltools.gnu-tools-for-stm32.9-2020-q2-update.win32_2.0.0.202105311346/tools/bin/../lib/gcc/arm-none-eabi/9.3.1/../../../../arm-none-eabi/lib/thumb/v7e-m/nofp\libc_nano.a(lib_a-errno.o)
 .data          0x0000000000000000        0x0 c:/st/stm32cubeide_1.6.0/stm32cubeide/plugins/com.st.stm32cube.ide.mcu.externaltools.gnu-tools-for-stm32.9-2020-q2-update.win32_2.0.0.202105311346/tools/bin/../lib/gcc/arm-none-eabi/9.3.1/../../../../arm-none-eabi/lib/thumb/v7e-m/nofp\libc_nano.a(lib_a-errno.o)
 .bss           0x0000000000000000        0x0 c:/st/stm32cubeide_1.6.0/stm32cubeide/plugins/com.st.stm32cube.ide.mcu.externaltools.gnu-tools-for-stm32.9-2020-q2-update.win32_2.0.0.202105311346/tools/bin/../lib/gcc/arm-none-eabi/9.3.1/../../../../arm-none-eabi/lib/thumb/v7e-m/nofp\libc_nano.a(lib_a-errno.o)
 .text.__errno  0x0000000000000000        0xc c:/st/stm32cubeide_1.6.0/stm32cubeide/plugins/com.st.stm32cube.ide.mcu.externaltools.gnu-tools-for-stm32.9-2020-q2-update.win32_2.0.0.202105311346/tools/bin/../lib/gcc/arm-none-eabi/9.3.1/../../../../arm-none-eabi/lib/thumb/v7e-m/nofp\libc_nano.a(lib_a-errno.o)
 .debug_frame   0x0000000000000000       0x20 c:/st/stm32cubeide_1.6.0/stm32cubeide/plugins/com.st.stm32cube.ide.mcu.externaltools.gnu-tools-for-stm32.9-2020-q2-update.win32_2.0.0.202105311346/tools/bin/../lib/gcc/arm-none-eabi/9.3.1/../../../../arm-none-eabi/lib/thumb/v7e-m/nofp\libc_nano.a(lib_a-errno.o)
 .ARM.attributes
                0x0000000000000000       0x2e c:/st/stm32cubeide_1.6.0/stm32cubeide/plugins/com.st.stm32cube.ide.mcu.externaltools.gnu-tools-for-stm32.9-2020-q2-update.win32_2.0.0.202105311346/tools/bin/../lib/gcc/arm-none-eabi/9.3.1/../../../../arm-none-eabi/lib/thumb/v7e-m/nofp\libc_nano.a(lib_a-errno.o)
 .text          0x0000000000000000        0x0 c:/st/stm32cubeide_1.6.0/stm32cubeide/plugins/com.st.stm32cube.ide.mcu.externaltools.gnu-tools-for-stm32.9-2020-q2-update.win32_2.0.0.202105311346/tools/bin/../lib/gcc/arm-none-eabi/9.3.1/../../../../arm-none-eabi/lib/thumb/v7e-m/nofp\libc_nano.a(lib_a-exit.o)
 .data          0x0000000000000000        0x0 c:/st/stm32cubeide_1.6.0/stm32cubeide/plugins/com.st.stm32cube.ide.mcu.externaltools.gnu-tools-for-stm32.9-2020-q2-update.win32_2.0.0.202105311346/tools/bin/../lib/gcc/arm-none-eabi/9.3.1/../../../../arm-none-eabi/lib/thumb/v7e-m/nofp\libc_nano.a(lib_a-exit.o)
 .bss           0x0000000000000000        0x0 c:/st/stm32cubeide_1.6.0/stm32cubeide/plugins/com.st.stm32cube.ide.mcu.externaltools.gnu-tools-for-stm32.9-2020-q2-update.win32_2.0.0.202105311346/tools/bin/../lib/gcc/arm-none-eabi/9.3.1/../../../../arm-none-eabi/lib/thumb/v7e-m/nofp\libc_nano.a(lib_a-exit.o)
 .text.exit     0x0000000000000000       0x28 c:/st/stm32cubeide_1.6.0/stm32cubeide/plugins/com.st.stm32cube.ide.mcu.externaltools.gnu-tools-for-stm32.9-2020-q2-update.win32_2.0.0.202105311346/tools/bin/../lib/gcc/arm-none-eabi/9.3.1/../../../../arm-none-eabi/lib/thumb/v7e-m/nofp\libc_nano.a(lib_a-exit.o)
 .debug_frame   0x0000000000000000       0x28 c:/st/stm32cubeide_1.6.0/stm32cubeide/plugins/com.st.stm32cube.ide.mcu.externaltools.gnu-tools-for-stm32.9-2020-q2-update.win32_2.0.0.202105311346/tools/bin/../lib/gcc/arm-none-eabi/9.3.1/../../../../arm-none-eabi/lib/thumb/v7e-m/nofp\libc_nano.a(lib_a-exit.o)
 .ARM.attributes
                0x0000000000000000       0x2e c:/st/stm32cubeide_1.6.0/stm32cubeide/plugins/com.st.stm32cube.ide.mcu.externaltools.gnu-tools-for-stm32.9-2020-q2-update.win32_2.0.0.202105311346/tools/bin/../lib/gcc/arm-none-eabi/9.3.1/../../../../arm-none-eabi/lib/thumb/v7e-m/nofp\libc_nano.a(lib_a-exit.o)
 .text          0x0000000000000000        0x0 c:/st/stm32cubeide_1.6.0/stm32cubeide/plugins/com.st.stm32cube.ide.mcu.externaltools.gnu-tools-for-stm32.9-2020-q2-update.win32_2.0.0.202105311346/tools/bin/../lib/gcc/arm-none-eabi/9.3.1/../../../../arm-none-eabi/lib/thumb/v7e-m/nofp\libc_nano.a(lib_a-impure.o)
 .data          0x0000000000000000        0x0 c:/st/stm32cubeide_1.6.0/stm32cubeide/plugins/com.st.stm32cube.ide.mcu.externaltools.gnu-tools-for-stm32.9-2020-q2-update.win32_2.0.0.202105311346/tools/bin/../lib/gcc/arm-none-eabi/9.3.1/../../../../arm-none-eabi/lib/thumb/v7e-m/nofp\libc_nano.a(lib_a-impure.o)
 .bss           0x0000000000000000        0x0 c:/st/stm32cubeide_1.6.0/stm32cubeide/plugins/com.st.stm32cube.ide.mcu.externaltools.gnu-tools-for-stm32.9-2020-q2-update.win32_2.0.0.202105311346/tools/bin/../lib/gcc/arm-none-eabi/9.3.1/../../../../arm-none-eabi/lib/thumb/v7e-m/nofp\libc_nano.a(lib_a-impure.o)
 .data._impure_ptr
                0x0000000000000000        0x4 c:/st/stm32cubeide_1.6.0/stm32cubeide/plugins/com.st.stm32cube.ide.mcu.externaltools.gnu-tools-for-stm32.9-2020-q2-update.win32_2.0.0.202105311346/tools/bin/../lib/gcc/arm-none-eabi/9.3.1/../../../../arm-none-eabi/lib/thumb/v7e-m/nofp\libc_nano.a(lib_a-impure.o)
 .data.impure_data
                0x0000000000000000       0x60 c:/st/stm32cubeide_1.6.0/stm32cubeide/plugins/com.st.stm32cube.ide.mcu.externaltools.gnu-tools-for-stm32.9-2020-q2-update.win32_2.0.0.202105311346/tools/bin/../lib/gcc/arm-none-eabi/9.3.1/../../../../arm-none-eabi/lib/thumb/v7e-m/nofp\libc_nano.a(lib_a-impure.o)
 .rodata._global_impure_ptr
                0x0000000000000000        0x4 c:/st/stm32cubeide_1.6.0/stm32cubeide/plugins/com.st.stm32cube.ide.mcu.externaltools.gnu-tools-for-stm32.9-2020-q2-update.win32_2.0.0.202105311346/tools/bin/../lib/gcc/arm-none-eabi/9.3.1/../../../../arm-none-eabi/lib/thumb/v7e-m/nofp\libc_nano.a(lib_a-impure.o)
 .ARM.attributes
                0x0000000000000000       0x2e c:/st/stm32cubeide_1.6.0/stm32cubeide/plugins/com.st.stm32cube.ide.mcu.externaltools.gnu-tools-for-stm32.9-2020-q2-update.win32_2.0.0.202105311346/tools/bin/../lib/gcc/arm-none-eabi/9.3.1/../../../../arm-none-eabi/lib/thumb/v7e-m/nofp\libc_nano.a(lib_a-impure.o)
 .text          0x0000000000000000        0x0 c:/st/stm32cubeide_1.6.0/stm32cubeide/plugins/com.st.stm32cube.ide.mcu.externaltools.gnu-tools-for-stm32.9-2020-q2-update.win32_2.0.0.202105311346/tools/bin/../lib/gcc/arm-none-eabi/9.3.1/../../../../arm-none-eabi/lib/thumb/v7e-m/nofp\libc_nano.a(lib_a-init.o)
 .data          0x0000000000000000        0x0 c:/st/stm32cubeide_1.6.0/stm32cubeide/plugins/com.st.stm32cube.ide.mcu.externaltools.gnu-tools-for-stm32.9-2020-q2-update.win32_2.0.0.202105311346/tools/bin/../lib/gcc/arm-none-eabi/9.3.1/../../../../arm-none-eabi/lib/thumb/v7e-m/nofp\libc_nano.a(lib_a-init.o)
 .bss           0x0000000000000000        0x0 c:/st/stm32cubeide_1.6.0/stm32cubeide/plugins/com.st.stm32cube.ide.mcu.externaltools.gnu-tools-for-stm32.9-2020-q2-update.win32_2.0.0.202105311346/tools/bin/../lib/gcc/arm-none-eabi/9.3.1/../../../../arm-none-eabi/lib/thumb/v7e-m/nofp\libc_nano.a(lib_a-init.o)
 .text          0x0000000000000000        0x0 c:/st/stm32cubeide_1.6.0/stm32cubeide/plugins/com.st.stm32cube.ide.mcu.externaltools.gnu-tools-for-stm32.9-2020-q2-update.win32_2.0.0.202105311346/tools/bin/../lib/gcc/arm-none-eabi/9.3.1/../../../../arm-none-eabi/lib/thumb/v7e-m/nofp\libc_nano.a(lib_a-memset.o)
 .data          0x0000000000000000        0x0 c:/st/stm32cubeide_1.6.0/stm32cubeide/plugins/com.st.stm32cube.ide.mcu.externaltools.gnu-tools-for-stm32.9-2020-q2-update.win32_2.0.0.202105311346/tools/bin/../lib/gcc/arm-none-eabi/9.3.1/../../../../arm-none-eabi/lib/thumb/v7e-m/nofp\libc_nano.a(lib_a-memset.o)
 .bss           0x0000000000000000        0x0 c:/st/stm32cubeide_1.6.0/stm32cubeide/plugins/com.st.stm32cube.ide.mcu.externaltools.gnu-tools-for-stm32.9-2020-q2-update.win32_2.0.0.202105311346/tools/bin/../lib/gcc/arm-none-eabi/9.3.1/../../../../arm-none-eabi/lib/thumb/v7e-m/nofp\libc_nano.a(lib_a-memset.o)
 .text          0x0000000000000000        0x0 c:/st/stm32cubeide_1.6.0/stm32cubeide/plugins/com.st.stm32cube.ide.mcu.externaltools.gnu-tools-for-stm32.9-2020-q2-update.win32_2.0.0.202105311346/tools/bin/../lib/gcc/arm-none-eabi/9.3.1/thumb/v7e-m/nofp/crtend.o
 .data          0x0000000000000000        0x0 c:/st/stm32cubeide_1.6.0/stm32cubeide/plugins/com.st.stm32cube.ide.mcu.externaltools.gnu-tools-for-stm32.9-2020-q2-update.win32_2.0.0.202105311346/tools/bin/../lib/gcc/arm-none-eabi/9.3.1/thumb/v7e-m/nofp/crtend.o
 .bss           0x0000000000000000        0x0 c:/st/stm32cubeide_1.6.0/stm32cubeide/plugins/com.st.stm32cube.ide.mcu.externaltools.gnu-tools-for-stm32.9-2020-q2-update.win32_2.0.0.202105311346/tools/bin/../lib/gcc/arm-none-eabi/9.3.1/thumb/v7e-m/nofp/crtend.o
 .eh_frame      0x0000000000000000        0x4 c:/st/stm32cubeide_1.6.0/stm32cubeide/plugins/com.st.stm32cube.ide.mcu.externaltools.gnu-tools-for-stm32.9-2020-q2-update.win32_2.0.0.202105311346/tools/bin/../lib/gcc/arm-none-eabi/9.3.1/thumb/v7e-m/nofp/crtend.o
 .ARM.attributes
                0x0000000000000000       0x2e c:/st/stm32cubeide_1.6.0/stm32cubeide/plugins/com.st.stm32cube.ide.mcu.externaltools.gnu-tools-for-stm32.9-2020-q2-update.win32_2.0.0.202105311346/tools/bin/../lib/gcc/arm-none-eabi/9.3.1/thumb/v7e-m/nofp/crtend.o
 .text          0x0000000000000000        0x0 c:/st/stm32cubeide_1.6.0/stm32cubeide/plugins/com.st.stm32cube.ide.mcu.externaltools.gnu-tools-for-stm32.9-2020-q2-update.win32_2.0.0.202105311346/tools/bin/../lib/gcc/arm-none-eabi/9.3.1/thumb/v7e-m/nofp/crtn.o
 .data          0x0000000000000000        0x0 c:/st/stm32cubeide_1.6.0/stm32cubeide/plugins/com.st.stm32cube.ide.mcu.externaltools.gnu-tools-for-stm32.9-2020-q2-update.win32_2.0.0.202105311346/tools/bin/../lib/gcc/arm-none-eabi/9.3.1/thumb/v7e-m/nofp/crtn.o
 .bss           0x0000000000000000        0x0 c:/st/stm32cubeide_1.6.0/stm32cubeide/plugins/com.st.stm32cube.ide.mcu.externaltools.gnu-tools-for-stm32.9-2020-q2-update.win32_2.0.0.202105311346/tools/bin/../lib/gcc/arm-none-eabi/9.3.1/thumb/v7e-m/nofp/crtn.o

Memory Configuration

Name             Origin             Length             Attributes
CCMRAM           0x0000000010000000 0x0000000000010000 xrw
RAM              0x0000000020000000 0x0000000000020000 xrw
FLASH            0x0000000008000000 0x0000000000100000 xr
*default*        0x0000000000000000 0xffffffffffffffff

Linker script and memory map

LOAD c:/st/stm32cubeide_1.6.0/stm32cubeide/plugins/com.st.stm32cube.ide.mcu.externaltools.gnu-tools-for-stm32.9-2020-q2-update.win32_2.0.0.202105311346/tools/bin/../lib/gcc/arm-none-eabi/9.3.1/thumb/v7e-m/nofp/crti.o
LOAD c:/st/stm32cubeide_1.6.0/stm32cubeide/plugins/com.st.stm32cube.ide.mcu.externaltools.gnu-tools-for-stm32.9-2020-q2-update.win32_2.0.0.202105311346/tools/bin/../lib/gcc/arm-none-eabi/9.3.1/thumb/v7e-m/nofp/crtbegin.o
LOAD c:/st/stm32cubeide_1.6.0/stm32cubeide/plugins/com.st.stm32cube.ide.mcu.externaltools.gnu-tools-for-stm32.9-2020-q2-update.win32_2.0.0.202105311346/tools/bin/../lib/gcc/arm-none-eabi/9.3.1/../../../../arm-none-eabi/lib/thumb/v7e-m/nofp/crt0.o
LOAD ./MyDrivers/Src/EXTI.o
LOAD ./MyDrivers/Src/GPIO.o
LOAD ./MyDrivers/Src/I2C.o
LOAD ./MyDrivers/Src/RCC.o
LOAD ./MyDrivers/Src/SPI.o
LOAD ./MyDrivers/Src/USART.o
LOAD ./Src/main.o
LOAD ./Src/syscalls.o
LOAD ./Src/sysmem.o
LOAD ./Startup/startup_stm32f407vgtx.o
START GROUP
LOAD c:/st/stm32cubeide_1.6.0/stm32cubeide/plugins/com.st.stm32cube.ide.mcu.externaltools.gnu-tools-for-stm32.9-2020-q2-update.win32_2.0.0.202105311346/tools/bin/../lib/gcc/arm-none-eabi/9.3.1/../../../../arm-none-eabi/lib/thumb/v7e-m/nofp\libc_nano.a
LOAD c:/st/stm32cubeide_1.6.0/stm32cubeide/plugins/com.st.stm32cube.ide.mcu.externaltools.gnu-tools-for-stm32.9-2020-q2-update.win32_2.0.0.202105311346/tools/bin/../lib/gcc/arm-none-eabi/9.3.1/../../../../arm-none-eabi/lib/thumb/v7e-m/nofp\libm.a
END GROUP
START GROUP
LOAD c:/st/stm32cubeide_1.6.0/stm32cubeide/plugins/com.st.stm32cube.ide.mcu.externaltools.gnu-tools-for-stm32.9-2020-q2-update.win32_2.0.0.202105311346/tools/bin/../lib/gcc/arm-none-eabi/9.3.1/thumb/v7e-m/nofp\libgcc.a
LOAD c:/st/stm32cubeide_1.6.0/stm32cubeide/plugins/com.st.stm32cube.ide.mcu.externaltools.gnu-tools-for-stm32.9-2020-q2-update.win32_2.0.0.202105311346/tools/bin/../lib/gcc/arm-none-eabi/9.3.1/../../../../arm-none-eabi/lib/thumb/v7e-m/nofp\libc_nano.a
END GROUP
START GROUP
LOAD c:/st/stm32cubeide_1.6.0/stm32cubeide/plugins/com.st.stm32cube.ide.mcu.externaltools.gnu-tools-for-stm32.9-2020-q2-update.win32_2.0.0.202105311346/tools/bin/../lib/gcc/arm-none-eabi/9.3.1/thumb/v7e-m/nofp\libgcc.a
LOAD c:/st/stm32cubeide_1.6.0/stm32cubeide/plugins/com.st.stm32cube.ide.mcu.externaltools.gnu-tools-for-stm32.9-2020-q2-update.win32_2.0.0.202105311346/tools/bin/../lib/gcc/arm-none-eabi/9.3.1/../../../../arm-none-eabi/lib/thumb/v7e-m/nofp\libc_nano.a
LOAD c:/st/stm32cubeide_1.6.0/stm32cubeide/plugins/com.st.stm32cube.ide.mcu.externaltools.gnu-tools-for-stm32.9-2020-q2-update.win32_2.0.0.202105311346/tools/bin/../lib/gcc/arm-none-eabi/9.3.1/../../../../arm-none-eabi/lib/thumb/v7e-m/nofp\libnosys.a
END GROUP
START GROUP
LOAD c:/st/stm32cubeide_1.6.0/stm32cubeide/plugins/com.st.stm32cube.ide.mcu.externaltools.gnu-tools-for-stm32.9-2020-q2-update.win32_2.0.0.202105311346/tools/bin/../lib/gcc/arm-none-eabi/9.3.1/thumb/v7e-m/nofp\libgcc.a
LOAD c:/st/stm32cubeide_1.6.0/stm32cubeide/plugins/com.st.stm32cube.ide.mcu.externaltools.gnu-tools-for-stm32.9-2020-q2-update.win32_2.0.0.202105311346/tools/bin/../lib/gcc/arm-none-eabi/9.3.1/../../../../arm-none-eabi/lib/thumb/v7e-m/nofp\libc_nano.a
LOAD c:/st/stm32cubeide_1.6.0/stm32cubeide/plugins/com.st.stm32cube.ide.mcu.externaltools.gnu-tools-for-stm32.9-2020-q2-update.win32_2.0.0.202105311346/tools/bin/../lib/gcc/arm-none-eabi/9.3.1/../../../../arm-none-eabi/lib/thumb/v7e-m/nofp\libnosys.a
END GROUP
LOAD c:/st/stm32cubeide_1.6.0/stm32cubeide/plugins/com.st.stm32cube.ide.mcu.externaltools.gnu-tools-for-stm32.9-2020-q2-update.win32_2.0.0.202105311346/tools/bin/../lib/gcc/arm-none-eabi/9.3.1/thumb/v7e-m/nofp/crtend.o
LOAD c:/st/stm32cubeide_1.6.0/stm32cubeide/plugins/com.st.stm32cube.ide.mcu.externaltools.gnu-tools-for-stm32.9-2020-q2-update.win32_2.0.0.202105311346/tools/bin/../lib/gcc/arm-none-eabi/9.3.1/thumb/v7e-m/nofp/crtn.o
                0x0000000020020000                _estack = (ORIGIN (RAM) + LENGTH (RAM))
                0x0000000000000200                _Min_Heap_Size = 0x200
                0x0000000000000400                _Min_Stack_Size = 0x400

.isr_vector     0x0000000008000000      0x1a8
                0x0000000008000000                . = ALIGN (0x4)
 *(.isr_vector)
 .isr_vector    0x0000000008000000      0x1a8 ./Startup/startup_stm32f407vgtx.o
                0x0000000008000000                g_pfnVectors
                0x00000000080001a8                . = ALIGN (0x4)

.text           0x00000000080001a8      0x754
                0x00000000080001a8                . = ALIGN (0x4)
 *(.text)
 .text          0x00000000080001a8       0x40 c:/st/stm32cubeide_1.6.0/stm32cubeide/plugins/com.st.stm32cube.ide.mcu.externaltools.gnu-tools-for-stm32.9-2020-q2-update.win32_2.0.0.202105311346/tools/bin/../lib/gcc/arm-none-eabi/9.3.1/thumb/v7e-m/nofp/crtbegin.o
 *(.text*)
 .text.EXTI_LineConfig
                0x00000000080001e8       0x64 ./MyDrivers/Src/EXTI.o
                0x00000000080001e8                EXTI_LineConfig
 .text.EXTI_Init
                0x000000000800024c      0x120 ./MyDrivers/Src/EXTI.o
                0x000000000800024c                EXTI_Init
 .text.NVIC_EnableInterrupt
                0x000000000800036c       0x66 ./MyDrivers/Src/EXTI.o
                0x000000000800036c                NVIC_EnableInterrupt
 .text.GPIO_Init
                0x00000000080003d2      0x16a ./MyDrivers/Src/GPIO.o
                0x00000000080003d2                GPIO_Init
 .text.SPI_Init
                0x000000000800053c       0x54 ./MyDrivers/Src/SPI.o
                0x000000000800053c                SPI_Init
 .text.SPI_PeriphCmd
                0x0000000008000590       0x3e ./MyDrivers/Src/SPI.o
                0x0000000008000590                SPI_PeriphCmd
 .text.SPI_InterruptHandler
                0x00000000080005ce       0x48 ./MyDrivers/Src/SPI.o
                0x00000000080005ce                SPI_InterruptHandler
 .text.main     0x0000000008000616       0x1e ./Src/main.o
                0x0000000008000616                main
 .text.GPIO_LedConfig
                0x0000000008000634       0xc4 ./Src/main.o
 .text.GPIO_ButtonInterruptConfig
                0x00000000080006f8       0x70 ./Src/main.o
 .text.SPI_Config
                0x0000000008000768       0x78 ./Src/main.o
 .text.SPI_GPIO_Config
                0x00000000080007e0       0x44 ./Src/main.o
 .text.SPI1_IRQHandler
                0x0000000008000824       0x14 ./Src/main.o
                0x0000000008000824                SPI1_IRQHandler
 .text.Reset_Handler
                0x0000000008000838       0x50 ./Startup/startup_stm32f407vgtx.o
                0x0000000008000838                Reset_Handler
 .text.Default_Handler
                0x0000000008000888        0x2 ./Startup/startup_stm32f407vgtx.o
                0x0000000008000888                RTC_Alarm_IRQHandler
                0x0000000008000888                HASH_RNG_IRQHandler
                0x0000000008000888                EXTI2_IRQHandler
                0x0000000008000888                TIM8_CC_IRQHandler
                0x0000000008000888                DebugMon_Handler
                0x0000000008000888                TIM1_CC_IRQHandler
                0x0000000008000888                DMA2_Stream5_IRQHandler
                0x0000000008000888                HardFault_Handler
                0x0000000008000888                DMA1_Stream5_IRQHandler
                0x0000000008000888                SysTick_Handler
                0x0000000008000888                PVD_IRQHandler
                0x0000000008000888                SDIO_IRQHandler
                0x0000000008000888                TAMP_STAMP_IRQHandler
                0x0000000008000888                PendSV_Handler
                0x0000000008000888                NMI_Handler
                0x0000000008000888                CAN2_RX1_IRQHandler
                0x0000000008000888                EXTI3_IRQHandler
                0x0000000008000888                TIM8_TRG_COM_TIM14_IRQHandler
                0x0000000008000888                TIM1_UP_TIM10_IRQHandler
                0x0000000008000888                TIM8_UP_TIM13_IRQHandler
                0x0000000008000888                I2C3_ER_IRQHandler
                0x0000000008000888                LCD_TFT_IRQHandler
                0x0000000008000888                EXTI0_IRQHandler
                0x0000000008000888                I2C2_EV_IRQHandler
                0x0000000008000888                DMA1_Stream2_IRQHandler
                0x0000000008000888                CAN1_RX0_IRQHandler
                0x0000000008000888                FPU_IRQHandler
                0x0000000008000888                OTG_HS_WKUP_IRQHandler
                0x0000000008000888                UsageFault_Handler
                0x0000000008000888                CAN2_SCE_IRQHandler
                0x0000000008000888                DMA2_Stream2_IRQHandler
                0x0000000008000888                TIM6_DAC_IRQHandler
                0x0000000008000888                TIM1_BRK_TIM9_IRQHandler
                0x0000000008000888                DCMI_IRQHandler
                0x0000000008000888                CAN2_RX0_IRQHandler
                0x0000000008000888                DMA2_Stream3_IRQHandler
                0x0000000008000888                USART6_IRQHandler
                0x0000000008000888                USART3_IRQHandler
                0x0000000008000888                CRYP_IRQHandler
                0x0000000008000888                CAN1_RX1_IRQHandler
                0x0000000008000888                UART5_IRQHandler
                0x0000000008000888                DMA2_Stream0_IRQHandler
                0x0000000008000888                TIM4_IRQHandler
                0x0000000008000888                I2C1_EV_IRQHandler
                0x0000000008000888                DMA1_Stream6_IRQHandler
                0x0000000008000888                DMA1_Stream1_IRQHandler
                0x0000000008000888                UART4_IRQHandler
                0x0000000008000888                LCD_TFT_1_IRQHandler
                0x0000000008000888                TIM3_IRQHandler
                0x0000000008000888                RCC_IRQHandler
                0x0000000008000888                TIM8_BRK_TIM12_IRQHandler
                0x0000000008000888                Default_Handler
                0x0000000008000888                EXTI15_10_IRQHandler
                0x0000000008000888                ADC_IRQHandler
                0x0000000008000888                DMA1_Stream7_IRQHandler
                0x0000000008000888                TIM7_IRQHandler
                0x0000000008000888                CAN2_TX_IRQHandler
                0x0000000008000888                TIM5_IRQHandler
                0x0000000008000888                DMA2_Stream7_IRQHandler
                0x0000000008000888                I2C3_EV_IRQHandler
                0x0000000008000888                EXTI9_5_IRQHandler
                0x0000000008000888                RTC_WKUP_IRQHandler
                0x0000000008000888                ETH_WKUP_IRQHandler
                0x0000000008000888                SPI2_IRQHandler
                0x0000000008000888                OTG_HS_EP1_IN_IRQHandler
                0x0000000008000888                MemManage_Handler
                0x0000000008000888                DMA1_Stream0_IRQHandler
                0x0000000008000888                CAN1_TX_IRQHandler
                0x0000000008000888                SVC_Handler
                0x0000000008000888                EXTI4_IRQHandler
                0x0000000008000888                FSMC_IRQHandler
                0x0000000008000888                ETH_IRQHandler
                0x0000000008000888                OTG_HS_EP1_OUT_IRQHandler
                0x0000000008000888                WWDG_IRQHandler
                0x0000000008000888                TIM2_IRQHandler
                0x0000000008000888                OTG_FS_WKUP_IRQHandler
                0x0000000008000888                TIM1_TRG_COM_TIM11_IRQHandler
                0x0000000008000888                OTG_HS_IRQHandler
                0x0000000008000888                EXTI1_IRQHandler
                0x0000000008000888                USART2_IRQHandler
                0x0000000008000888                I2C2_ER_IRQHandler
                0x0000000008000888                DMA2_Stream1_IRQHandler
                0x0000000008000888                CAN1_SCE_IRQHandler
                0x0000000008000888                DMA2_Stream4_IRQHandler
                0x0000000008000888                BusFault_Handler
                0x0000000008000888                USART1_IRQHandler
                0x0000000008000888                OTG_FS_IRQHandler
                0x0000000008000888                SPI3_IRQHandler
                0x0000000008000888                DMA1_Stream4_IRQHandler
                0x0000000008000888                I2C1_ER_IRQHandler
                0x0000000008000888                DMA2_Stream6_IRQHandler
                0x0000000008000888                DMA1_Stream3_IRQHandler
 *fill*         0x000000000800088a        0x2 
 .text.__libc_init_array
                0x000000000800088c       0x48 c:/st/stm32cubeide_1.6.0/stm32cubeide/plugins/com.st.stm32cube.ide.mcu.externaltools.gnu-tools-for-stm32.9-2020-q2-update.win32_2.0.0.202105311346/tools/bin/../lib/gcc/arm-none-eabi/9.3.1/../../../../arm-none-eabi/lib/thumb/v7e-m/nofp\libc_nano.a(lib_a-init.o)
                0x000000000800088c                __libc_init_array
 .text.memset   0x00000000080008d4       0x10 c:/st/stm32cubeide_1.6.0/stm32cubeide/plugins/com.st.stm32cube.ide.mcu.externaltools.gnu-tools-for-stm32.9-2020-q2-update.win32_2.0.0.202105311346/tools/bin/../lib/gcc/arm-none-eabi/9.3.1/../../../../arm-none-eabi/lib/thumb/v7e-m/nofp\libc_nano.a(lib_a-memset.o)
                0x00000000080008d4                memset
 *(.glue_7)
 .glue_7        0x00000000080008e4        0x0 linker stubs
 *(.glue_7t)
 .glue_7t       0x00000000080008e4        0x0 linker stubs
 *(.eh_frame)
 .eh_frame      0x00000000080008e4        0x0 c:/st/stm32cubeide_1.6.0/stm32cubeide/plugins/com.st.stm32cube.ide.mcu.externaltools.gnu-tools-for-stm32.9-2020-q2-update.win32_2.0.0.202105311346/tools/bin/../lib/gcc/arm-none-eabi/9.3.1/thumb/v7e-m/nofp/crtbegin.o
 *(.init)
 .init          0x00000000080008e4        0x4 c:/st/stm32cubeide_1.6.0/stm32cubeide/plugins/com.st.stm32cube.ide.mcu.externaltools.gnu-tools-for-stm32.9-2020-q2-update.win32_2.0.0.202105311346/tools/bin/../lib/gcc/arm-none-eabi/9.3.1/thumb/v7e-m/nofp/crti.o
                0x00000000080008e4                _init
 .init          0x00000000080008e8        0x8 c:/st/stm32cubeide_1.6.0/stm32cubeide/plugins/com.st.stm32cube.ide.mcu.externaltools.gnu-tools-for-stm32.9-2020-q2-update.win32_2.0.0.202105311346/tools/bin/../lib/gcc/arm-none-eabi/9.3.1/thumb/v7e-m/nofp/crtn.o
 *(.fini)
 .fini          0x00000000080008f0        0x4 c:/st/stm32cubeide_1.6.0/stm32cubeide/plugins/com.st.stm32cube.ide.mcu.externaltools.gnu-tools-for-stm32.9-2020-q2-update.win32_2.0.0.202105311346/tools/bin/../lib/gcc/arm-none-eabi/9.3.1/thumb/v7e-m/nofp/crti.o
                0x00000000080008f0                _fini
 .fini          0x00000000080008f4        0x8 c:/st/stm32cubeide_1.6.0/stm32cubeide/plugins/com.st.stm32cube.ide.mcu.externaltools.gnu-tools-for-stm32.9-2020-q2-update.win32_2.0.0.202105311346/tools/bin/../lib/gcc/arm-none-eabi/9.3.1/thumb/v7e-m/nofp/crtn.o
                0x00000000080008fc                . = ALIGN (0x4)
                0x00000000080008fc                _etext = .

.vfp11_veneer   0x00000000080008fc        0x0
 .vfp11_veneer  0x00000000080008fc        0x0 linker stubs

.v4_bx          0x00000000080008fc        0x0
 .v4_bx         0x00000000080008fc        0x0 linker stubs

.iplt           0x00000000080008fc        0x0
 .iplt          0x00000000080008fc        0x0 c:/st/stm32cubeide_1.6.0/stm32cubeide/plugins/com.st.stm32cube.ide.mcu.externaltools.gnu-tools-for-stm32.9-2020-q2-update.win32_2.0.0.202105311346/tools/bin/../lib/gcc/arm-none-eabi/9.3.1/thumb/v7e-m/nofp/crtbegin.o

.rel.dyn        0x00000000080008fc        0x0
 .rel.iplt      0x00000000080008fc        0x0 c:/st/stm32cubeide_1.6.0/stm32cubeide/plugins/com.st.stm32cube.ide.mcu.externaltools.gnu-tools-for-stm32.9-2020-q2-update.win32_2.0.0.202105311346/tools/bin/../lib/gcc/arm-none-eabi/9.3.1/thumb/v7e-m/nofp/crtbegin.o

.rodata         0x00000000080008fc        0x0
                0x00000000080008fc                . = ALIGN (0x4)
 *(.rodata)
 *(.rodata*)
                0x00000000080008fc                . = ALIGN (0x4)

.ARM.extab      0x00000000080008fc        0x0
                0x00000000080008fc                . = ALIGN (0x4)
 *(.ARM.extab* .gnu.linkonce.armextab.*)
                0x00000000080008fc                . = ALIGN (0x4)

.ARM            0x00000000080008fc        0x0
                0x00000000080008fc                . = ALIGN (0x4)
                0x00000000080008fc                __exidx_start = .
 *(.ARM.exidx*)
                0x00000000080008fc                __exidx_end = .
                0x00000000080008fc                . = ALIGN (0x4)

.preinit_array  0x00000000080008fc        0x0
                0x00000000080008fc                . = ALIGN (0x4)
                0x00000000080008fc                PROVIDE (__preinit_array_start = .)
 *(.preinit_array*)
                0x00000000080008fc                PROVIDE (__preinit_array_end = .)
                0x00000000080008fc                . = ALIGN (0x4)

.init_array     0x00000000080008fc        0x4
                0x00000000080008fc                . = ALIGN (0x4)
                0x00000000080008fc                PROVIDE (__init_array_start = .)
 *(SORT_BY_NAME(.init_array.*))
 *(.init_array*)
 .init_array    0x00000000080008fc        0x4 c:/st/stm32cubeide_1.6.0/stm32cubeide/plugins/com.st.stm32cube.ide.mcu.externaltools.gnu-tools-for-stm32.9-2020-q2-update.win32_2.0.0.202105311346/tools/bin/../lib/gcc/arm-none-eabi/9.3.1/thumb/v7e-m/nofp/crtbegin.o
                0x0000000008000900                PROVIDE (__init_array_end = .)
                0x0000000008000900                . = ALIGN (0x4)

.fini_array     0x0000000008000900        0x4
                0x0000000008000900                . = ALIGN (0x4)
                [!provide]                        PROVIDE (__fini_array_start = .)
 *(SORT_BY_NAME(.fini_array.*))
 *(.fini_array*)
 .fini_array    0x0000000008000900        0x4 c:/st/stm32cubeide_1.6.0/stm32cubeide/plugins/com.st.stm32cube.ide.mcu.externaltools.gnu-tools-for-stm32.9-2020-q2-update.win32_2.0.0.202105311346/tools/bin/../lib/gcc/arm-none-eabi/9.3.1/thumb/v7e-m/nofp/crtbegin.o
                [!provide]                        PROVIDE (__fini_array_end = .)
                0x0000000008000904                . = ALIGN (0x4)
                0x0000000008000904                _sidata = LOADADDR (.data)

.data           0x0000000020000000        0x0 load address 0x0000000008000904
                0x0000000020000000                . = ALIGN (0x4)
                0x0000000020000000                _sdata = .
 *(.data)
 *(.data*)
 *(.RamFunc)
 *(.RamFunc*)
                0x0000000020000000                . = ALIGN (0x4)
                0x0000000020000000                _edata = .
                0x0000000008000904                _siccmram = LOADADDR (.ccmram)

.igot.plt       0x0000000020000000        0x0 load address 0x0000000008000904
 .igot.plt      0x0000000020000000        0x0 c:/st/stm32cubeide_1.6.0/stm32cubeide/plugins/com.st.stm32cube.ide.mcu.externaltools.gnu-tools-for-stm32.9-2020-q2-update.win32_2.0.0.202105311346/tools/bin/../lib/gcc/arm-none-eabi/9.3.1/thumb/v7e-m/nofp/crtbegin.o

.ccmram         0x0000000010000000        0x0 load address 0x0000000008000904
                0x0000000010000000                . = ALIGN (0x4)
                0x0000000010000000                _sccmram = .
 *(.ccmram)
 *(.ccmram*)
                0x0000000010000000                . = ALIGN (0x4)
                0x0000000010000000                _eccmram = .
                0x0000000010000000                . = ALIGN (0x4)

.bss            0x0000000020000000       0x4c
                0x0000000020000000                _sbss = .
                0x0000000020000000                __bss_start__ = _sbss
 *(.bss)
 .bss           0x0000000020000000       0x1c c:/st/stm32cubeide_1.6.0/stm32cubeide/plugins/com.st.stm32cube.ide.mcu.externaltools.gnu-tools-for-stm32.9-2020-q2-update.win32_2.0.0.202105311346/tools/bin/../lib/gcc/arm-none-eabi/9.3.1/thumb/v7e-m/nofp/crtbegin.o
 *(.bss*)
 *(COMMON)
 COMMON         0x000000002000001c       0x30 ./Src/main.o
                0x000000002000001c                SPI_Handle
                0x000000002000004c                . = ALIGN (0x4)
                0x000000002000004c                _ebss = .
                0x000000002000004c                __bss_end__ = _ebss

._user_heap_stack
                0x000000002000004c      0x604
                0x0000000020000050                . = ALIGN (0x8)
 *fill*         0x000000002000004c        0x4 
                [!provide]                        PROVIDE (end = .)
                0x0000000020000050                PROVIDE (_end = .)
                0x0000000020000250                . = (. + _Min_Heap_Size)
 *fill*         0x0000000020000050      0x200 
                0x0000000020000650                . = (. + _Min_Stack_Size)
 *fill*         0x0000000020000250      0x400 
                0x0000000020000650                . = ALIGN (0x8)

/DISCARD/
 libc.a(*)
 libm.a(*)
 libgcc.a(*)

.ARM.attributes
                0x0000000000000000       0x2e
 *(.ARM.attributes)
 .ARM.attributes
                0x0000000000000000       0x1e c:/st/stm32cubeide_1.6.0/stm32cubeide/plugins/com.st.stm32cube.ide.mcu.externaltools.gnu-tools-for-stm32.9-2020-q2-update.win32_2.0.0.202105311346/tools/bin/../lib/gcc/arm-none-eabi/9.3.1/thumb/v7e-m/nofp/crti.o
 .ARM.attributes
                0x000000000000001e       0x2e c:/st/stm32cubeide_1.6.0/stm32cubeide/plugins/com.st.stm32cube.ide.mcu.externaltools.gnu-tools-for-stm32.9-2020-q2-update.win32_2.0.0.202105311346/tools/bin/../lib/gcc/arm-none-eabi/9.3.1/thumb/v7e-m/nofp/crtbegin.o
 .ARM.attributes
                0x000000000000004c       0x2e ./MyDrivers/Src/EXTI.o
 .ARM.attributes
                0x000000000000007a       0x2e ./MyDrivers/Src/GPIO.o
 .ARM.attributes
                0x00000000000000a8       0x2e ./MyDrivers/Src/SPI.o
 .ARM.attributes
                0x00000000000000d6       0x2e ./Src/main.o
 .ARM.attributes
                0x0000000000000104       0x21 ./Startup/startup_stm32f407vgtx.o
 .ARM.attributes
                0x0000000000000125       0x2e c:/st/stm32cubeide_1.6.0/stm32cubeide/plugins/com.st.stm32cube.ide.mcu.externaltools.gnu-tools-for-stm32.9-2020-q2-update.win32_2.0.0.202105311346/tools/bin/../lib/gcc/arm-none-eabi/9.3.1/../../../../arm-none-eabi/lib/thumb/v7e-m/nofp\libc_nano.a(lib_a-init.o)
 .ARM.attributes
                0x0000000000000153       0x2e c:/st/stm32cubeide_1.6.0/stm32cubeide/plugins/com.st.stm32cube.ide.mcu.externaltools.gnu-tools-for-stm32.9-2020-q2-update.win32_2.0.0.202105311346/tools/bin/../lib/gcc/arm-none-eabi/9.3.1/../../../../arm-none-eabi/lib/thumb/v7e-m/nofp\libc_nano.a(lib_a-memset.o)
 .ARM.attributes
                0x0000000000000181       0x1e c:/st/stm32cubeide_1.6.0/stm32cubeide/plugins/com.st.stm32cube.ide.mcu.externaltools.gnu-tools-for-stm32.9-2020-q2-update.win32_2.0.0.202105311346/tools/bin/../lib/gcc/arm-none-eabi/9.3.1/thumb/v7e-m/nofp/crtn.o
OUTPUT(Driver_Development.elf elf32-littlearm)
LOAD linker stubs
LOAD c:/st/stm32cubeide_1.6.0/stm32cubeide/plugins/com.st.stm32cube.ide.mcu.externaltools.gnu-tools-for-stm32.9-2020-q2-update.win32_2.0.0.202105311346/tools/bin/../lib/gcc/arm-none-eabi/9.3.1/../../../../arm-none-eabi/lib/thumb/v7e-m/nofp\libc.a
LOAD c:/st/stm32cubeide_1.6.0/stm32cubeide/plugins/com.st.stm32cube.ide.mcu.externaltools.gnu-tools-for-stm32.9-2020-q2-update.win32_2.0.0.202105311346/tools/bin/../lib/gcc/arm-none-eabi/9.3.1/../../../../arm-none-eabi/lib/thumb/v7e-m/nofp\libm.a
LOAD c:/st/stm32cubeide_1.6.0/stm32cubeide/plugins/com.st.stm32cube.ide.mcu.externaltools.gnu-tools-for-stm32.9-2020-q2-update.win32_2.0.0.202105311346/tools/bin/../lib/gcc/arm-none-eabi/9.3.1/thumb/v7e-m/nofp\libgcc.a

.debug_info     0x0000000000000000     0x34df
 .debug_info    0x0000000000000000      0xb6a ./MyDrivers/Src/EXTI.o
 .debug_info    0x0000000000000b6a      0xc14 ./MyDrivers/Src/GPIO.o
 .debug_info    0x000000000000177e      0xd65 ./MyDrivers/Src/SPI.o
 .debug_info    0x00000000000024e3      0xfda ./Src/main.o
 .debug_info    0x00000000000034bd       0x22 ./Startup/startup_stm32f407vgtx.o

.debug_abbrev   0x0000000000000000      0x853
 .debug_abbrev  0x0000000000000000      0x1e2 ./MyDrivers/Src/EXTI.o
 .debug_abbrev  0x00000000000001e2      0x1ef ./MyDrivers/Src/GPIO.o
 .debug_abbrev  0x00000000000003d1      0x24e ./MyDrivers/Src/SPI.o
 .debug_abbrev  0x000000000000061f      0x222 ./Src/main.o
 .debug_abbrev  0x0000000000000841       0x12 ./Startup/startup_stm32f407vgtx.o

.debug_aranges  0x0000000000000000      0x148
 .debug_aranges
                0x0000000000000000       0x30 ./MyDrivers/Src/EXTI.o
 .debug_aranges
                0x0000000000000030       0x40 ./MyDrivers/Src/GPIO.o
 .debug_aranges
                0x0000000000000070       0x60 ./MyDrivers/Src/SPI.o
 .debug_aranges
                0x00000000000000d0       0x50 ./Src/main.o
 .debug_aranges
                0x0000000000000120       0x28 ./Startup/startup_stm32f407vgtx.o

.debug_ranges   0x0000000000000000      0x100
 .debug_ranges  0x0000000000000000       0x20 ./MyDrivers/Src/EXTI.o
 .debug_ranges  0x0000000000000020       0x30 ./MyDrivers/Src/GPIO.o
 .debug_ranges  0x0000000000000050       0x50 ./MyDrivers/Src/SPI.o
 .debug_ranges  0x00000000000000a0       0x40 ./Src/main.o
 .debug_ranges  0x00000000000000e0       0x20 ./Startup/startup_stm32f407vgtx.o

.debug_macro    0x0000000000000000     0x26e9
 .debug_macro   0x0000000000000000      0x1a9 ./MyDrivers/Src/EXTI.o
 .debug_macro   0x00000000000001a9      0xaa2 ./MyDrivers/Src/EXTI.o
 .debug_macro   0x0000000000000c4b       0x22 ./MyDrivers/Src/EXTI.o
 .debug_macro   0x0000000000000c6d       0x8e ./MyDrivers/Src/EXTI.o
 .debug_macro   0x0000000000000cfb       0x51 ./MyDrivers/Src/EXTI.o
 .debug_macro   0x0000000000000d4c      0x103 ./MyDrivers/Src/EXTI.o
 .debug_macro   0x0000000000000e4f       0x6a ./MyDrivers/Src/EXTI.o
 .debug_macro   0x0000000000000eb9      0x1df ./MyDrivers/Src/EXTI.o
 .debug_macro   0x0000000000001098       0x52 ./MyDrivers/Src/EXTI.o
 .debug_macro   0x00000000000010ea       0x18 ./MyDrivers/Src/EXTI.o
 .debug_macro   0x0000000000001102       0x3c ./MyDrivers/Src/EXTI.o
 .debug_macro   0x000000000000113e       0x34 ./MyDrivers/Src/EXTI.o
 .debug_macro   0x0000000000001172      0x174 ./MyDrivers/Src/EXTI.o
 .debug_macro   0x00000000000012e6       0x16 ./MyDrivers/Src/EXTI.o
 .debug_macro   0x00000000000012fc       0x43 ./MyDrivers/Src/EXTI.o
 .debug_macro   0x000000000000133f       0x34 ./MyDrivers/Src/EXTI.o
 .debug_macro   0x0000000000001373       0x10 ./MyDrivers/Src/EXTI.o
 .debug_macro   0x0000000000001383       0x58 ./MyDrivers/Src/EXTI.o
 .debug_macro   0x00000000000013db       0x71 ./MyDrivers/Src/EXTI.o
 .debug_macro   0x000000000000144c       0x1c ./MyDrivers/Src/EXTI.o
 .debug_macro   0x0000000000001468      0x12a ./MyDrivers/Src/EXTI.o
 .debug_macro   0x0000000000001592      0x339 ./MyDrivers/Src/EXTI.o
 .debug_macro   0x00000000000018cb       0x10 ./MyDrivers/Src/EXTI.o
 .debug_macro   0x00000000000018db       0x35 ./MyDrivers/Src/EXTI.o
 .debug_macro   0x0000000000001910       0x20 ./MyDrivers/Src/EXTI.o
 .debug_macro   0x0000000000001930      0x19c ./MyDrivers/Src/EXTI.o
 .debug_macro   0x0000000000001acc       0x76 ./MyDrivers/Src/EXTI.o
 .debug_macro   0x0000000000001b42       0x58 ./MyDrivers/Src/EXTI.o
 .debug_macro   0x0000000000001b9a       0x43 ./MyDrivers/Src/EXTI.o
 .debug_macro   0x0000000000001bdd       0x9a ./MyDrivers/Src/EXTI.o
 .debug_macro   0x0000000000001c77       0x43 ./MyDrivers/Src/EXTI.o
 .debug_macro   0x0000000000001cba       0x8e ./MyDrivers/Src/EXTI.o
 .debug_macro   0x0000000000001d48       0x51 ./MyDrivers/Src/EXTI.o
 .debug_macro   0x0000000000001d99       0x19 ./MyDrivers/Src/EXTI.o
 .debug_macro   0x0000000000001db2       0xb2 ./MyDrivers/Src/EXTI.o
 .debug_macro   0x0000000000001e64      0x1ae ./MyDrivers/Src/GPIO.o
 .debug_macro   0x0000000000002012       0xb8 ./MyDrivers/Src/GPIO.o
 .debug_macro   0x00000000000020ca      0x118 ./MyDrivers/Src/GPIO.o
 .debug_macro   0x00000000000021e2      0x1a9 ./MyDrivers/Src/SPI.o
 .debug_macro   0x000000000000238b       0x94 ./MyDrivers/Src/SPI.o
 .debug_macro   0x000000000000241f      0x1ac ./Src/main.o
 .debug_macro   0x00000000000025cb      0x11e ./Src/main.o

.debug_line     0x0000000000000000     0x1c3d
 .debug_line    0x0000000000000000      0x69f ./MyDrivers/Src/EXTI.o
 .debug_line    0x000000000000069f      0x721 ./MyDrivers/Src/GPIO.o
 .debug_line    0x0000000000000dc0      0x76f ./MyDrivers/Src/SPI.o
 .debug_line    0x000000000000152f      0x68a ./Src/main.o
 .debug_line    0x0000000000001bb9       0x84 ./Startup/startup_stm32f407vgtx.o

.debug_str      0x0000000000000000     0xa152
 .debug_str     0x0000000000000000     0x97b0 ./MyDrivers/Src/EXTI.o
                                       0x9a1c (size before relaxing)
 .debug_str     0x00000000000097b0      0x5a0 ./MyDrivers/Src/GPIO.o
                                       0x9e28 (size before relaxing)
 .debug_str     0x0000000000009d50      0x243 ./MyDrivers/Src/SPI.o
                                       0x9b2a (size before relaxing)
 .debug_str     0x0000000000009f93      0x18e ./Src/main.o
                                       0xa0a5 (size before relaxing)
 .debug_str     0x000000000000a121       0x31 ./Startup/startup_stm32f407vgtx.o
                                         0x6a (size before relaxing)

.comment        0x0000000000000000       0x53
 .comment       0x0000000000000000       0x53 ./MyDrivers/Src/EXTI.o
                                         0x54 (size before relaxing)
 .comment       0x0000000000000053       0x54 ./MyDrivers/Src/GPIO.o
 .comment       0x0000000000000053       0x54 ./MyDrivers/Src/SPI.o
 .comment       0x0000000000000053       0x54 ./Src/main.o

.debug_frame    0x0000000000000000      0x418
 .debug_frame   0x0000000000000000       0x88 ./MyDrivers/Src/EXTI.o
 .debug_frame   0x0000000000000088       0xd8 ./MyDrivers/Src/GPIO.o
 .debug_frame   0x0000000000000160      0x16c ./MyDrivers/Src/SPI.o
 .debug_frame   0x00000000000002cc      0x100 ./Src/main.o
 .debug_frame   0x00000000000003cc       0x2c c:/st/stm32cubeide_1.6.0/stm32cubeide/plugins/com.st.stm32cube.ide.mcu.externaltools.gnu-tools-for-stm32.9-2020-q2-update.win32_2.0.0.202105311346/tools/bin/../lib/gcc/arm-none-eabi/9.3.1/../../../../arm-none-eabi/lib/thumb/v7e-m/nofp\libc_nano.a(lib_a-init.o)
 .debug_frame   0x00000000000003f8       0x20 c:/st/stm32cubeide_1.6.0/stm32cubeide/plugins/com.st.stm32cube.ide.mcu.externaltools.gnu-tools-for-stm32.9-2020-q2-update.win32_2.0.0.202105311346/tools/bin/../lib/gcc/arm-none-eabi/9.3.1/../../../../arm-none-eabi/lib/thumb/v7e-m/nofp\libc_nano.a(lib_a-memset.o)
